Component: ARM Compiler 5.06 update 6 (build 750) Tool: armlink [4d35ed]

==============================================================================

Section Cross References

    startup_stm32f103xb.o(RESET) refers to startup_stm32f103xb.o(STACK) for __initial_sp
    startup_stm32f103xb.o(RESET) refers to startup_stm32f103xb.o(.text) for Reset_Handler
    startup_stm32f103xb.o(RESET) refers to stm32f1xx_it.o(i.NMI_Handler) for NMI_Handler
    startup_stm32f103xb.o(RESET) refers to stm32f1xx_it.o(i.HardFault_Handler) for HardFault_Handler
    startup_stm32f103xb.o(RESET) refers to stm32f1xx_it.o(i.MemManage_Handler) for MemManage_Handler
    startup_stm32f103xb.o(RESET) refers to stm32f1xx_it.o(i.BusFault_Handler) for BusFault_Handler
    startup_stm32f103xb.o(RESET) refers to stm32f1xx_it.o(i.UsageFault_Handler) for UsageFault_Handler
    startup_stm32f103xb.o(RESET) refers to stm32f1xx_it.o(i.SVC_Handler) for SVC_Handler
    startup_stm32f103xb.o(RESET) refers to stm32f1xx_it.o(i.DebugMon_Handler) for DebugMon_Handler
    startup_stm32f103xb.o(RESET) refers to cpu.o(.emb_text) for PendSV_Handler
    startup_stm32f103xb.o(RESET) refers to stm32f1xx_it.o(i.SysTick_Handler) for SysTick_Handler
    startup_stm32f103xb.o(RESET) refers to stm32f1xx_it.o(i.EXTI9_5_IRQHandler) for EXTI9_5_IRQHandler
    startup_stm32f103xb.o(RESET) refers to stm32f1xx_it.o(i.USART1_IRQHandler) for USART1_IRQHandler
    startup_stm32f103xb.o(.text) refers to system_stm32f1xx.o(i.SystemInit) for SystemInit
    startup_stm32f103xb.o(.text) refers to entry.o(.ARM.Collect$$$$00000000) for __main
    driver_uart.o(i.fgetc) refers to stm32f1xx_hal_uart.o(i.HAL_UART_Receive) for HAL_UART_Receive
    driver_uart.o(i.fgetc) refers to usart.o(.bss) for huart1
    driver_uart.o(i.fputc) refers to stm32f1xx_hal_uart.o(i.HAL_UART_Transmit) for HAL_UART_Transmit
    driver_uart.o(i.fputc) refers to usart.o(.bss) for huart1
    cpu.o(.emb_text) refers to thread.o(i.schedule) for schedule
    cpu.o(.emb_text) refers to thread.o(.data) for currentTask
    cpu.o(i.enterCritical) refers to cpu.o(.data) for .data
    cpu.o(i.exitCritical) refers to cpu.o(.data) for .data
    cpu.o(i.getSysTime_task) refers to main.o(.data) for sysTime
    thread.o(i.AddTaskptob) refers to thread.o(.data) for .data
    thread.o(i.Tsakdelay) refers to cpu.o(i.enterCritical) for enterCritical
    thread.o(i.Tsakdelay) refers to thread.o(i.set_task_delay) for set_task_delay
    thread.o(i.Tsakdelay) refers to thread.o(i.removeTaskpfroma) for removeTaskpfroma
    thread.o(i.Tsakdelay) refers to thread.o(i.AddTaskptob) for AddTaskptob
    thread.o(i.Tsakdelay) refers to cpu.o(i.exitCritical) for exitCritical
    thread.o(i.Tsakdelay) refers to cpu.o(i.restart_pendsv) for restart_pendsv
    thread.o(i.Tsakdelay) refers to thread.o(.data) for .data
    thread.o(i.Tsakdelay) refers to thread.o(.bss) for .bss
    thread.o(i.addTaskToList) refers to printf5.o(i.__0printf$5) for __2printf
    thread.o(i.addTaskToList) refers to thread.o(.bss) for .bss
    thread.o(i.createTask) refers to malloc.o(i.malloc) for malloc
    thread.o(i.createTask) refers to heap_1.o(i.pvPortMalloc) for pvPortMalloc
    thread.o(i.createTask) refers to heap_1.o(i.initializeTaskStack) for initializeTaskStack
    thread.o(i.createTask) refers to thread.o(i.addTaskToList) for addTaskToList
    thread.o(i.createTask) refers to printf5.o(i.__0printf$5) for __2printf
    thread.o(i.createTask) refers to heap_1.o(i.vPortFree) for vPortFree
    thread.o(i.createTask) refers to thread.o(.data) for .data
    thread.o(i.every_delay) refers to cpu.o(i.enterCritical) for enterCritical
    thread.o(i.every_delay) refers to thread.o(i.removeTaskpfroma) for removeTaskpfroma
    thread.o(i.every_delay) refers to thread.o(i.AddTaskptob) for AddTaskptob
    thread.o(i.every_delay) refers to cpu.o(i.exitCritical) for exitCritical
    thread.o(i.every_delay) refers to thread.o(.data) for .data
    thread.o(i.every_delay) refers to thread.o(.bss) for .bss
    thread.o(i.idle) refers to stm32f1xx_hal.o(i.HAL_Delay) for HAL_Delay
    thread.o(i.jump_wei) refers to thread.o(.bss) for .bss
    thread.o(i.os_schedule_start) refers to thread.o(i.createTask) for createTask
    thread.o(i.os_schedule_start) refers to cpu.o(i.PendSV_init) for PendSV_init
    thread.o(i.os_schedule_start) refers to thread.o(i.idle) for idle
    thread.o(i.removeTaskpfroma) refers to printf5.o(i.__0printf$5) for __2printf
    thread.o(i.removeTaskpfroma) refers to thread.o(.data) for .data
    thread.o(i.schedule) refers to thread.o(i.jump_wei) for jump_wei
    thread.o(i.schedule) refers to thread.o(.bss) for .bss
    thread.o(i.schedule) refers to thread.o(.data) for .data
    thread.o(i.set_task_delay) refers to thread.o(.data) for .data
    thread.o(i.taskSwitch) refers to cpu.o(i.getSysTime_task) for getSysTime_task
    sys_time.o(i.Get_Sys_Tick) refers to sys_time.o(.data) for .data
[...]
    mallocra.o(i.internal_alloc) refers to memcpya.o(.text) for __aeabi_memcpy
    mallocra.o(i.internal_alloc) refers to mvars.o(.data) for __microlib_freelist
    entry2.o(.ARM.Collect$$$$00000001) refers to entry2.o(.ARM.Collect$$$$00002712) for __lit__00000000
    entry2.o(.ARM.Collect$$$$00002712) refers to startup_stm32f103xb.o(STACK) for __initial_sp
    entry2.o(__vectab_stack_and_reset_area) refers to startup_stm32f103xb.o(STACK) for __initial_sp
    entry2.o(__vectab_stack_and_reset_area) refers to entry.o(.ARM.Collect$$$$00000000) for __main
    entry5.o(.ARM.Collect$$$$00000004) refers to init.o(.text) for __scatterload
    entry9a.o(.ARM.Collect$$$$0000000B) refers to main.o(i.main) for main
    entry9b.o(.ARM.Collect$$$$0000000C) refers to main.o(i.main) for main
    uldiv.o(.text) refers to llushr.o(.text) for __aeabi_llsr
    uldiv.o(.text) refers to llshl.o(.text) for __aeabi_llsl
    dadd.o(.text) refers to llshl.o(.text) for __aeabi_llsl
    dadd.o(.text) refers to llsshr.o(.text) for __aeabi_lasr
    dadd.o(.text) refers to depilogue.o(.text) for _double_epilogue
    dmul.o(.text) refers to depilogue.o(.text) for _double_epilogue
    ddiv.o(.text) refers to depilogue.o(.text) for _double_round
    dfixul.o(.text) refers to llushr.o(.text) for __aeabi_llsr
    dfixul.o(.text) refers to llshl.o(.text) for __aeabi_llsl
    init.o(.text) refers to entry5.o(.ARM.Collect$$$$00000004) for __main_after_scatterload
    depilogue.o(.text) refers to llshl.o(.text) for __aeabi_llsl
    depilogue.o(.text) refers to llushr.o(.text) for __aeabi_llsr


==============================================================================

Removing Unused input sections from the image.

    Removing driver_uart.o(.rev16_text), (4 bytes).
    Removing driver_uart.o(.revsh_text), (4 bytes).
    Removing driver_uart.o(.rrx_text), (6 bytes).
    Removing driver_uart.o(i.fgetc), (32 bytes).
    Removing cpu.o(.rev16_text), (4 bytes).
    Removing cpu.o(.revsh_text), (4 bytes).
    Removing cpu.o(.rrx_text), (6 bytes).
    Removing cpu.o(i.getSysTime_task), (12 bytes).
    Removing thread.o(.rev16_text), (4 bytes).
    Removing thread.o(.revsh_text), (4 bytes).
    Removing thread.o(.rrx_text), (6 bytes).
    Removing thread.o(i.taskSwitch), (26 bytes).
    Removing sys_time.o(i.Get_Sys_Tick), (12 bytes).
    Removing sys_time.o(i.Is_Timeout), (24 bytes).
    Removing sys_time.o(i.Sys_Tick_Count), (16 bytes).
    Removing sys_time.o(.data), (4 bytes).
    Removing main.o(.rev16_text), (4 bytes).
    Removing main.o(.revsh_text), (4 bytes).
    Removing main.o(.rrx_text), (6 bytes).
    Removing main.o(.data), (4 bytes).
    Removing gpio.o(.rev16_text), (4 bytes).
    Removing gpio.o(.revsh_text), (4 bytes).
    Removing gpio.o(.rrx_text), (6 bytes).
    Removing usart.o(.rev16_text), (4 bytes).
    Removing usart.o(.revsh_text), (4 bytes).
    Removing usart.o(.rrx_text), (6 bytes).
    Removing usart.o(i.HAL_UART_MspDeInit), (56 bytes).
    Removing stm32f1xx_it.o(.rev16_text), (4 bytes).
    Removing stm32f1xx_it.o(.revsh_text), (4 bytes).
    Removing stm32f1xx_it.o(.rrx_text), (6 bytes).
    Removing stm32f1xx_hal_msp.o(.rev16_text), (4 bytes).
    Removing stm32f1xx_hal_msp.o(.revsh_text), (4 bytes).
    Removing stm32f1xx_hal_msp.o(.rrx_text), (6 bytes).
    Removing queue.o(.rev16_text), (4 bytes).
    Removing queue.o(.revsh_text), (4 bytes).
    Removing queue.o(.rrx_text), (6 bytes).
    Removing heap_1.o(.rev16_text), (4 bytes).
    Removing heap_1.o(.revsh_text), (4 bytes).
    Removing heap_1.o(.rrx_text), (6 bytes).
    Removing heap_1.o(i.vPortInitialiseBlocks), (2 bytes).
    Removing heap_1.o(i.xPortGetFreeHeapSize), (12 bytes).
    Removing monitor.o(.rev16_text), (4 bytes).
    Removing monitor.o(.revsh_text), (4 bytes).
    Removing monitor.o(.rrx_text), (6 bytes).
    Removing monitor.o(i.getSysTime), (4 bytes).
    Removing monitor.o(i.getTaskSwitchDelay), (24 bytes).
    Removing monitor.o(i.monitorTaskWatchdog), (84 bytes).
    Removing callback.o(i.freeCallbackEntry), (16 bytes).
    Removing stm32f1xx_hal_gpio_ex.o(.rev16_text), (4 bytes).
    Removing stm32f1xx_hal_gpio_ex.o(.revsh_text), (4 bytes).
    Removing stm32f1xx_hal_gpio_ex.o(.rrx_text), (6 bytes).
    Removing stm32f1xx_hal_gpio_ex.o(i.HAL_GPIOEx_ConfigEventout), (20 bytes).
    Removing stm32f1xx_hal_gpio_ex.o(i.HAL_GPIOEx_DisableEventout), (16 bytes).
    Removing stm32f1xx_hal_gpio_ex.o(i.HAL_GPIOEx_EnableEventout), (16 bytes).
    Removing stm32f1xx_hal_tim.o(.rev16_text), (4 bytes).
    Removing stm32f1xx_hal_tim.o(.revsh_text), (4 bytes).
    Removing stm32f1xx_hal_tim.o(.rrx_text), (6 bytes).
    Removing stm32f1xx_hal_tim_ex.o(.rev16_text), (4 bytes).
    Removing stm32f1xx_hal_tim_ex.o(.revsh_text), (4 bytes).
    Removing stm32f1xx_hal_tim_ex.o(.rrx_text), (6 bytes).
    Removing stm32f1xx_hal_uart.o(.rev16_text), (4 bytes).
    Removing stm32f1xx_hal_uart.o(.revsh_text), (4 bytes).
    Removing stm32f1xx_hal_uart.o(.rrx_text), (6 bytes).
    Removing stm32f1xx_hal_uart.o(i.HAL_HalfDuplex_EnableReceiver), (50 bytes).
    Removing stm32f1xx_hal_uart.o(i.HAL_HalfDuplex_EnableTransmitter), (50 bytes).
    Removing stm32f1xx_hal_uart.o(i.HAL_HalfDuplex_Init), (110 bytes).
    Removing stm32f1xx_hal_uart.o(i.HAL_LIN_Init), (130 bytes).
    Removing stm32f1xx_hal_uart.o(i.HAL_LIN_SendBreak), (60 bytes).
    Removing stm32f1xx_hal_uart.o(i.HAL_MultiProcessor_EnterMuteMode), (62 bytes).
    Removing stm32f1xx_hal_uart.o(i.HAL_MultiProcessor_ExitMuteMode), (62 bytes).
    Removing stm32f1xx_hal_uart.o(i.HAL_MultiProcessor_Init), (144 bytes).
    Removing stm32f1xx_hal_uart.o(i.HAL_UARTEx_GetRxEventType), (4 bytes).
    Removing stm32f1xx_hal_uart.o(i.HAL_UARTEx_ReceiveToIdle), (240 bytes).
    Removing stm32f1xx_hal_uart.o(i.HAL_UARTEx_ReceiveToIdle_DMA), (78 bytes).
    Removing stm32f1xx_hal_uart.o(i.HAL_UARTEx_ReceiveToIdle_IT), (78 bytes).
    Removing stm32f1xx_hal_uart.o(i.HAL_UART_Abort), (210 bytes).
    Removing stm32f1xx_hal_uart.o(i.HAL_UART_AbortCpltCallback), (2 bytes).
    Removing stm32f1xx_hal_uart.o(i.HAL_UART_AbortReceive), (148 bytes).
    Removing stm32f1xx_hal_uart.o(i.HAL_UART_AbortReceiveCpltCallback), (2 bytes).
    Removing stm32f1xx_hal_uart.o(i.HAL_UART_AbortReceive_IT), (152 bytes).
    Removing stm32f1xx_hal_uart.o(i.HAL_UART_AbortTransmit), (98 bytes).
    Removing stm32f1xx_hal_uart.o(i.HAL_UART_AbortTransmitCpltCallback), (2 bytes).
    Removing stm32f1xx_hal_uart.o(i.HAL_UART_AbortTransmit_IT), (104 bytes).
    Removing stm32f1xx_hal_uart.o(i.HAL_UART_Abort_IT), (244 bytes).
    Removing stm32f1xx_hal_uart.o(i.HAL_UART_DMAPause), (120 bytes).
    Removing stm32f1xx_hal_uart.o(i.HAL_UART_DMAResume), (114 bytes).
    Removing stm32f1xx_hal_uart.o(i.HAL_UART_DMAStop), (112 bytes).
    Removing stm32f1xx_hal_uart.o(i.HAL_UART_DeInit), (54 bytes).
    Removing stm32f1xx_hal_uart.o(i.HAL_UART_GetError), (4 bytes).
    Removing stm32f1xx_hal_uart.o(i.HAL_UART_MspDeInit), (2 bytes).
    Removing stm32f1xx_hal_uart.o(i.HAL_UART_MspInit), (2 bytes).
    Removing stm32f1xx_hal_uart.o(i.HAL_UART_Receive), (172 bytes).
    Removing stm32f1xx_hal_uart.o(i.HAL_UART_Receive_DMA), (28 bytes).
    Removing stm32f1xx_hal_uart.o(i.HAL_UART_RxCpltCallback), (2 bytes).
    Removing stm32f1xx_hal_uart.o(i.HAL_UART_RxHalfCpltCallback), (2 bytes).
    Removing stm32f1xx_hal_uart.o(i.HAL_UART_Transmit_DMA), (120 bytes).
    Removing stm32f1xx_hal_uart.o(i.HAL_UART_Transmit_IT), (50 bytes).
    Removing stm32f1xx_hal_uart.o(i.HAL_UART_TxHalfCpltCallback), (2 bytes).
    Removing stm32f1xx_hal_uart.o(i.UART_DMAError), (74 bytes).
    Removing stm32f1xx_hal_uart.o(i.UART_DMAReceiveCplt), (134 bytes).
    Removing stm32f1xx_hal_uart.o(i.UART_DMARxAbortCallback), (44 bytes).
    Removing stm32f1xx_hal_uart.o(i.UART_DMARxHalfCplt), (30 bytes).
    Removing stm32f1xx_hal_uart.o(i.UART_DMARxOnlyAbortCallback), (22 bytes).
    Removing stm32f1xx_hal_uart.o(i.UART_DMATransmitCplt), (66 bytes).
    Removing stm32f1xx_hal_uart.o(i.UART_DMATxAbortCallback), (44 bytes).
    Removing stm32f1xx_hal_uart.o(i.UART_DMATxHalfCplt), (10 bytes).
    Removing stm32f1xx_hal_uart.o(i.UART_DMATxOnlyAbortCallback), (20 bytes).
    Removing stm32f1xx_hal_uart.o(i.UART_EndTxTransfer), (28 bytes).
    Removing stm32f1xx_hal_uart.o(i.UART_Start_Receive_DMA), (144 bytes).
    Removing stm32f1xx_hal.o(.rev16_text), (4 bytes).
    Removing stm32f1xx_hal.o(.revsh_text), (4 bytes).
    Removing stm32f1xx_hal.o(.rrx_text), (6 bytes).
    Removing stm32f1xx_hal.o(i.HAL_DBGMCU_DisableDBGSleepMode), (16 bytes).
    Removing stm32f1xx_hal.o(i.HAL_DBGMCU_DisableDBGStandbyMode), (16 bytes).
    Removing stm32f1xx_hal.o(i.HAL_DBGMCU_DisableDBGStopMode), (16 bytes).
    Removing stm32f1xx_hal.o(i.HAL_DBGMCU_EnableDBGSleepMode), (16 bytes).
    Removing stm32f1xx_hal.o(i.HAL_DBGMCU_EnableDBGStandbyMode), (16 bytes).
    Removing stm32f1xx_hal.o(i.HAL_DBGMCU_EnableDBGStopMode), (16 bytes).
    Removing stm32f1xx_hal.o(i.HAL_DeInit), (32 bytes).
    Removing stm32f1xx_hal.o(i.HAL_GetDEVID), (16 bytes).
    Removing stm32f1xx_hal.o(i.HAL_GetHalVersion), (8 bytes).
    Removing stm32f1xx_hal.o(i.HAL_GetREVID), (12 bytes).
    Removing stm32f1xx_hal.o(i.HAL_GetTickFreq), (12 bytes).
    Removing stm32f1xx_hal.o(i.HAL_GetTickPrio), (12 bytes).
    Removing stm32f1xx_hal.o(i.HAL_GetUIDw0), (12 bytes).
    Removing stm32f1xx_hal.o(i.HAL_GetUIDw1), (12 bytes).
    Removing stm32f1xx_hal.o(i.HAL_GetUIDw2), (12 bytes).
    Removing stm32f1xx_hal.o(i.HAL_MspDeInit), (2 bytes).
    Removing stm32f1xx_hal.o(i.HAL_MspInit), (2 bytes).
    Removing stm32f1xx_hal.o(i.HAL_ResumeTick), (14 bytes).
    Removing stm32f1xx_hal.o(i.HAL_SetTickFreq), (36 bytes).
    Removing stm32f1xx_hal.o(i.HAL_SuspendTick), (14 bytes).
    Removing stm32f1xx_hal_rcc.o(.rev16_text), (4 bytes).
    Removing stm32f1xx_hal_rcc.o(.revsh_text), (4 bytes).
    Removing stm32f1xx_hal_rcc.o(.rrx_text), (6 bytes).
    Removing stm32f1xx_hal_rcc.o(i.HAL_RCC_CSSCallback), (2 bytes).
    Removing stm32f1xx_hal_rcc.o(i.HAL_RCC_DeInit), (220 bytes).
    Removing stm32f1xx_hal_rcc.o(i.HAL_RCC_DisableCSS), (12 bytes).
    Removing stm32f1xx_hal_rcc.o(i.HAL_RCC_EnableCSS), (12 bytes).
    Removing stm32f1xx_hal_rcc.o(i.HAL_RCC_GetClockConfig), (64 bytes).
    Removing stm32f1xx_hal_rcc.o(i.HAL_RCC_GetHCLKFreq), (12 bytes).
    Removing stm32f1xx_hal_rcc.o(i.HAL_RCC_GetOscConfig), (144 bytes).
    Removing stm32f1xx_hal_rcc.o(i.HAL_RCC_MCOConfig), (72 bytes).
    Removing stm32f1xx_hal_rcc.o(i.HAL_RCC_NMI_IRQHandler), (24 bytes).
    Removing stm32f1xx_hal_rcc_ex.o(.rev16_text), (4 bytes).
    Removing stm32f1xx_hal_rcc_ex.o(.revsh_text), (4 bytes).
    Removing stm32f1xx_hal_rcc_ex.o(.rrx_text), (6 bytes).
    Removing stm32f1xx_hal_rcc_ex.o(i.HAL_RCCEx_GetPeriphCLKConfig), (44 bytes).
    Removing stm32f1xx_hal_rcc_ex.o(i.HAL_RCCEx_GetPeriphCLKFreq), (164 bytes).
    Removing stm32f1xx_hal_rcc_ex.o(i.HAL_RCCEx_PeriphCLKConfig), (236 bytes).
    Removing stm32f1xx_hal_rcc_ex.o(.constdata), (18 bytes).
    Removing stm32f1xx_hal_gpio.o(.rev16_text), (4 bytes).
    Removing stm32f1xx_hal_gpio.o(.revsh_text), (4 bytes).
    Removing stm32f1xx_hal_gpio.o(.rrx_text), (6 bytes).
    Removing stm32f1xx_hal_gpio.o(i.HAL_GPIO_DeInit), (280 bytes).
    Removing stm32f1xx_hal_gpio.o(i.HAL_GPIO_EXTI_Callback), (2 bytes).
    Removing stm32f1xx_hal_gpio.o(i.HAL_GPIO_LockPin), (34 bytes).
    Removing stm32f1xx_hal_gpio.o(i.HAL_GPIO_ReadPin), (10 bytes).
    Removing stm32f1xx_hal_dma.o(.rev16_text), (4 bytes).
    Removing stm32f1xx_hal_dma.o(.revsh_text), (4 bytes).
    Removing stm32f1xx_hal_dma.o(.rrx_text), (6 bytes).
    Removing stm32f1xx_hal_dma.o(i.DMA_SetConfig), (42 bytes).
    Removing stm32f1xx_hal_dma.o(i.HAL_DMA_DeInit), (92 bytes).
    Removing stm32f1xx_hal_dma.o(i.HAL_DMA_GetError), (4 bytes).
    Removing stm32f1xx_hal_dma.o(i.HAL_DMA_GetState), (6 bytes).
    Removing stm32f1xx_hal_dma.o(i.HAL_DMA_IRQHandler), (340 bytes).
    Removing stm32f1xx_hal_dma.o(i.HAL_DMA_Init), (92 bytes).
    Removing stm32f1xx_hal_dma.o(i.HAL_DMA_PollForTransfer), (532 bytes).
    Removing stm32f1xx_hal_dma.o(i.HAL_DMA_RegisterCallback), (74 bytes).
    Removing stm32f1xx_hal_dma.o(i.HAL_DMA_Start), (80 bytes).
    Removing stm32f1xx_hal_dma.o(i.HAL_DMA_Start_IT), (112 bytes).
    Removing stm32f1xx_hal_dma.o(i.HAL_DMA_UnRegisterCallback), (82 bytes).
    Removing stm32f1xx_hal_cortex.o(.rev16_text), (4 bytes).
    Removing stm32f1xx_hal_cortex.o(.revsh_text), (4 bytes).
    Removing stm32f1xx_hal_cortex.o(.rrx_text), (6 bytes).
    Removing stm32f1xx_hal_cortex.o(i.HAL_NVIC_ClearPendingIRQ), (26 bytes).
    Removing stm32f1xx_hal_cortex.o(i.HAL_NVIC_DisableIRQ), (34 bytes).
    Removing stm32f1xx_hal_cortex.o(i.HAL_NVIC_GetActive), (36 bytes).
    Removing stm32f1xx_hal_cortex.o(i.HAL_NVIC_GetPendingIRQ), (36 bytes).
    Removing stm32f1xx_hal_cortex.o(i.HAL_NVIC_GetPriority), (82 bytes).
    Removing stm32f1xx_hal_cortex.o(i.HAL_NVIC_GetPriorityGrouping), (16 bytes).
    Removing stm32f1xx_hal_cortex.o(i.HAL_NVIC_SetPendingIRQ), (26 bytes).
    Removing stm32f1xx_hal_cortex.o(i.HAL_NVIC_SystemReset), (36 bytes).
    Removing stm32f1xx_hal_cortex.o(i.HAL_SYSTICK_CLKSourceConfig), (24 bytes).
    Removing stm32f1xx_hal_cortex.o(i.HAL_SYSTICK_Callback), (2 bytes).
    Removing stm32f1xx_hal_pwr.o(.rev16_text), (4 bytes).
    Removing stm32f1xx_hal_pwr.o(.revsh_text), (4 bytes).
    Removing stm32f1xx_hal_pwr.o(.rrx_text), (6 bytes).
    Removing stm32f1xx_hal_pwr.o(i.HAL_PWR_ConfigPVD), (124 bytes).
    Removing stm32f1xx_hal_pwr.o(i.HAL_PWR_DeInit), (24 bytes).
    Removing stm32f1xx_hal_pwr.o(i.HAL_PWR_DisableBkUpAccess), (12 bytes).
    Removing stm32f1xx_hal_pwr.o(i.HAL_PWR_DisablePVD), (12 bytes).
    Removing stm32f1xx_hal_pwr.o(i.HAL_PWR_DisableSEVOnPend), (16 bytes).
    Removing stm32f1xx_hal_pwr.o(i.HAL_PWR_DisableSleepOnExit), (16 bytes).
    Removing stm32f1xx_hal_pwr.o(i.HAL_PWR_DisableWakeUpPin), (28 bytes).
    Removing stm32f1xx_hal_pwr.o(i.HAL_PWR_EnableBkUpAccess), (12 bytes).
    Removing stm32f1xx_hal_pwr.o(i.HAL_PWR_EnablePVD), (12 bytes).
    Removing stm32f1xx_hal_pwr.o(i.HAL_PWR_EnableSEVOnPend), (16 bytes).
    Removing stm32f1xx_hal_pwr.o(i.HAL_PWR_EnableSleepOnExit), (16 bytes).
    Removing stm32f1xx_hal_pwr.o(i.HAL_PWR_EnableWakeUpPin), (28 bytes).
    Removing stm32f1xx_hal_pwr.o(i.HAL_PWR_EnterSLEEPMode), (32 bytes).
    Removing stm32f1xx_hal_pwr.o(i.HAL_PWR_EnterSTANDBYMode), (32 bytes).
    Removing stm32f1xx_hal_pwr.o(i.HAL_PWR_EnterSTOPMode), (68 bytes).
    Removing stm32f1xx_hal_pwr.o(i.HAL_PWR_PVDCallback), (2 bytes).
    Removing stm32f1xx_hal_pwr.o(i.HAL_PWR_PVD_IRQHandler), (28 bytes).
    Removing stm32f1xx_hal_pwr.o(i.PWR_OverloadWfe), (6 bytes).
    Removing stm32f1xx_hal_flash.o(.rev16_text), (4 bytes).
    Removing stm32f1xx_hal_flash.o(.revsh_text), (4 bytes).
    Removing stm32f1xx_hal_flash.o(.rrx_text), (6 bytes).
    Removing stm32f1xx_hal_flash.o(i.FLASH_Program_HalfWord), (28 bytes).
    Removing stm32f1xx_hal_flash.o(i.FLASH_SetErrorCode), (92 bytes).
    Removing stm32f1xx_hal_flash.o(i.FLASH_WaitForLastOperation), (84 bytes).
    Removing stm32f1xx_hal_flash.o(i.HAL_FLASH_EndOfOperationCallback), (2 bytes).
    Removing stm32f1xx_hal_flash.o(i.HAL_FLASH_GetError), (12 bytes).
    Removing stm32f1xx_hal_flash.o(i.HAL_FLASH_IRQHandler), (264 bytes).
    Removing stm32f1xx_hal_flash.o(i.HAL_FLASH_Lock), (20 bytes).
    Removing stm32f1xx_hal_flash.o(i.HAL_FLASH_OB_Launch), (4 bytes).
    Removing stm32f1xx_hal_flash.o(i.HAL_FLASH_OB_Lock), (20 bytes).
    Removing stm32f1xx_hal_flash.o(i.HAL_FLASH_OB_Unlock), (36 bytes).
    Removing stm32f1xx_hal_flash.o(i.HAL_FLASH_OperationErrorCallback), (2 bytes).
    Removing stm32f1xx_hal_flash.o(i.HAL_FLASH_Program), (128 bytes).
    Removing stm32f1xx_hal_flash.o(i.HAL_FLASH_Program_IT), (100 bytes).
    Removing stm32f1xx_hal_flash.o(i.HAL_FLASH_Unlock), (40 bytes).
    Removing stm32f1xx_hal_flash.o(.bss), (32 bytes).
    Removing stm32f1xx_hal_flash_ex.o(.rev16_text), (4 bytes).
    Removing stm32f1xx_hal_flash_ex.o(.revsh_text), (4 bytes).
    Removing stm32f1xx_hal_flash_ex.o(.rrx_text), (6 bytes).
    Removing stm32f1xx_hal_flash_ex.o(i.FLASH_MassErase), (36 bytes).
    Removing stm32f1xx_hal_flash_ex.o(i.FLASH_OB_DisableWRP), (176 bytes).
    Removing stm32f1xx_hal_flash_ex.o(i.FLASH_OB_EnableWRP), (176 bytes).
    Removing stm32f1xx_hal_flash_ex.o(i.FLASH_OB_GetRDP), (24 bytes).
    Removing stm32f1xx_hal_flash_ex.o(i.FLASH_OB_RDP_LevelConfig), (100 bytes).
    Removing stm32f1xx_hal_flash_ex.o(i.FLASH_PageErase), (36 bytes).
    Removing stm32f1xx_hal_flash_ex.o(i.HAL_FLASHEx_Erase), (168 bytes).
    Removing stm32f1xx_hal_flash_ex.o(i.HAL_FLASHEx_Erase_IT), (84 bytes).
    Removing stm32f1xx_hal_flash_ex.o(i.HAL_FLASHEx_OBErase), (84 bytes).
    Removing stm32f1xx_hal_flash_ex.o(i.HAL_FLASHEx_OBGetConfig), (36 bytes).
    Removing stm32f1xx_hal_flash_ex.o(i.HAL_FLASHEx_OBGetUserData), (32 bytes).
    Removing stm32f1xx_hal_flash_ex.o(i.HAL_FLASHEx_OBProgram), (200 bytes).
    Removing stm32f1xx_hal_exti.o(.rev16_text), (4 bytes).
    Removing stm32f1xx_hal_exti.o(.revsh_text), (4 bytes).
    Removing stm32f1xx_hal_exti.o(.rrx_text), (6 bytes).
    Removing stm32f1xx_hal_exti.o(i.HAL_EXTI_ClearConfigLine), (104 bytes).
    Removing stm32f1xx_hal_exti.o(i.HAL_EXTI_ClearPending), (20 bytes).
    Removing stm32f1xx_hal_exti.o(i.HAL_EXTI_GenerateSWI), (20 bytes).
    Removing stm32f1xx_hal_exti.o(i.HAL_EXTI_GetConfigLine), (140 bytes).
    Removing stm32f1xx_hal_exti.o(i.HAL_EXTI_GetHandle), (12 bytes).
    Removing stm32f1xx_hal_exti.o(i.HAL_EXTI_GetPending), (24 bytes).
    Removing stm32f1xx_hal_exti.o(i.HAL_EXTI_IRQHandler), (36 bytes).
    Removing stm32f1xx_hal_exti.o(i.HAL_EXTI_RegisterCallback), (14 bytes).
    Removing stm32f1xx_hal_exti.o(i.HAL_EXTI_SetConfigLine), (164 bytes).
    Removing system_stm32f1xx.o(.rev16_text), (4 bytes).
    Removing system_stm32f1xx.o(.revsh_text), (4 bytes).
    Removing system_stm32f1xx.o(.rrx_text), (6 bytes).
    Removing system_stm32f1xx.o(i.SystemCoreClockUpdate), (104 bytes).
    Removing dadd.o(.text), (334 bytes).
    Removing dmul.o(.text), (228 bytes).
    Removing ddiv.o(.text), (222 bytes).
    Removing dfixul.o(.text), (48 bytes).
    Removing cdrcmple.o(.text), (48 bytes).
    Removing depilogue.o(.text), (186 bytes).

261 unused section(s) (total 11794 bytes) removed from the image.

==============================================================================

Image Symbol Table

    Local Symbols

    Symbol Name                              Value     Ov Type        Size  Object(Section)

    ../Core/Src/gpio.c                       0x00000000   Number         0  gpio.o ABSOLUTE
    ../Core/Src/main.c                       0x00000000   Number         0  main.o ABSOLUTE
    ../Core/Src/stm32f1xx_hal_msp.c          0x00000000   Number         0  stm32f1xx_hal_msp.o ABSOLUTE
    ../Core/Src/stm32f1xx_it.c               0x00000000   Number         0  stm32f1xx_it.o ABSOLUTE
    ../Core/Src/system_stm32f1xx.c           0x00000000   Number         0  system_stm32f1xx.o ABSOLUTE
    ../Core/Src/usart.c                      0x00000000   Number         0  usart.o ABSOLUTE
    ../Drivers/STM32F1xx_HAL_Driver/Src/stm32f1xx_hal.c 0x00000000   Number         0  stm32f1xx_hal.o ABSOLUTE
    ../Drivers/STM32F1xx_HAL_Driver/Src/stm32f1xx_hal_cortex.c 0x00000000   Number         0  stm32f1xx_hal_cortex.o ABSOLUTE
    ../Drivers/STM32F1xx_HAL_Driver/Src/stm32f1xx_hal_dma.c 0x00000000   Number         0  stm32f1xx_hal_dma.o ABSOLUTE
    ../Drivers/STM32F1xx_HAL_Driver/Src/stm32f1xx_hal_exti.c 0x00000000   Number         0  stm32f1xx_hal_exti.o ABSOLUTE
    ../Drivers/STM32F1xx_HAL_Driver/Src/stm32f1xx_hal_flash.c 0x00000000   Number         0  stm32f1xx_hal_flash.o ABSOLUTE
    ../Drivers/STM32F1xx_HAL_Driver/Src/stm32f1xx_hal_flash_ex.c 0x00000000   Number         0  stm32f1xx_hal_flash_ex.o ABSOLUTE
    ../Drivers/STM32F1xx_HAL_Driver/Src/stm32f1xx_hal_gpio.c 0x00000000   Number         0  stm32f1xx_hal_gpio.o ABSOLUTE
    ../Drivers/STM32F1xx_HAL_Driver/Src/stm32f1xx_hal_gpio_ex.c 0x00000000   Number         0  stm32f1xx_hal_gpio_ex.o ABSOLUTE
    ../Drivers/STM32F1xx_HAL_Driver/Src/stm32f1xx_hal_pwr.c 0x00000000   Number         0  stm32f1xx_hal_pwr.o ABSOLUTE
    ../Drivers/STM32F1xx_HAL_Driver/Src/stm32f1xx_hal_rcc.c 0x00000000   Number         0  stm32f1xx_hal_rcc.o ABSOLUTE
    ../Drivers/STM32F1xx_HAL_Driver/Src/stm32f1xx_hal_rcc_ex.c 0x00000000   Number         0  stm32f1xx_hal_rcc_ex.o ABSOLUTE
    ../Drivers/STM32F1xx_HAL_Driver/Src/stm32f1xx_hal_tim.c 0x00000000   Number         0  stm32f1xx_hal_tim.o ABSOLUTE
    ../Drivers/STM32F1xx_HAL_Driver/Src/stm32f1xx_hal_tim_ex.c 0x00000000   Number         0  stm32f1xx_hal_tim_ex.o ABSOLUTE
    ../Drivers/STM32F1xx_HAL_Driver/Src/stm32f1xx_hal_uart.c 0x00000000   Number         0  stm32f1xx_hal_uart.o ABSOLUTE
    ../clib/microlib/division.c              0x00000000   Number         0  uldiv.o ABSOLUTE
    ../clib/microlib/division.c              0x00000000   Number         0  uidiv.o ABSOLUTE
    ../clib/microlib/init/entry.s            0x00000000   Number         0  entry8a.o ABSOLUTE
    ../clib/microlib/init/entry.s            0x00000000   Number         0  entry9b.o ABSOLUTE
    ../clib/microlib/init/entry.s            0x00000000   Number         0  entry11a.o ABSOLUTE
    ../clib/microlib/init/entry.s            0x00000000   Number         0  entry2.o ABSOLUTE
    ../clib/microlib/init/entry.s            0x00000000   Number         0  entry8b.o ABSOLUTE
    ../clib/microlib/init/entry.s            0x00000000   Number         0  entry10a.o ABSOLUTE
    ../clib/microlib/init/entry.s            0x00000000   Number         0  entry11b.o ABSOLUTE
    ../clib/microlib/init/entry.s            0x00000000   Number         0  entry5.o ABSOLUTE
    ../clib/microlib/init/entry.s            0x00000000   Number         0  entry7b.o ABSOLUTE
    ../clib/microlib/init/entry.s            0x00000000   Number         0  entry10b.o ABSOLUTE
    ../clib/microlib/init/entry.s            0x00000000   Number         0  entry7a.o ABSOLUTE
    ../clib/microlib/init/entry.s            0x00000000   Number         0  entry.o ABSOLUTE
    ../clib/microlib/init/entry.s            0x00000000   Number         0  entry9a.o ABSOLUTE
    ../clib/microlib/longlong.c              0x00000000   Number         0  llshl.o ABSOLUTE
    ../clib/microlib/longlong.c              0x00000000   Number         0  llushr.o ABSOLUTE
    ../clib/microlib/longlong.c              0x00000000   Number         0  llsshr.o ABSOLUTE
    ../clib/microlib/malloc/malloc.c         0x00000000   Number         0  malloca.o ABSOLUTE
    ../clib/microlib/malloc/malloc.c         0x00000000   Number         0  mallocra.o ABSOLUTE
    ../clib/microlib/malloc/malloc.c         0x00000000   Number         0  malloc.o ABSOLUTE
    ../clib/microlib/malloc/malloc.c         0x00000000   Number         0  mallocr.o ABSOLUTE
    ../clib/microlib/malloc/mvars.c          0x00000000   Number         0  mvars.o ABSOLUTE
    ../clib/microlib/printf/printf.c         0x00000000   Number         0  printf7.o ABSOLUTE
    ../clib/microlib/printf/printf.c         0x00000000   Number         0  printf0.o ABSOLUTE
    ../clib/microlib/printf/printf.c         0x00000000   Number         0  printfa.o ABSOLUTE
    ../clib/microlib/printf/printf.c         0x00000000   Number         0  printf8.o ABSOLUTE
    ../clib/microlib/printf/printf.c         0x00000000   Number         0  printf6.o ABSOLUTE
    ../clib/microlib/printf/printf.c         0x00000000   Number         0  printf5.o ABSOLUTE
    ../clib/microlib/printf/printf.c         0x00000000   Number         0  printf4.o ABSOLUTE
    ../clib/microlib/printf/printf.c         0x00000000   Number         0  printf3.o ABSOLUTE
    ../clib/microlib/printf/printf.c         0x00000000   Number         0  printfb.o ABSOLUTE
    ../clib/microlib/printf/printf.c         0x00000000   Number         0  printf2.o ABSOLUTE
    ../clib/microlib/printf/printf.c         0x00000000   Number         0  printf1.o ABSOLUTE
    ../clib/microlib/printf/stubs.s          0x00000000   Number         0  stubs.o ABSOLUTE
    ../clib/microlib/stdio/streams.c         0x00000000   Number         0  stdout.o ABSOLUTE
    ../clib/microlib/string/memcpy.c         0x00000000   Number         0  memcpyb.o ABSOLUTE
    ../clib/microlib/string/memcpy.c         0x00000000   Number         0  memcpya.o ABSOLUTE
    ../clib/microlib/string/memset.c         0x00000000   Number         0  memseta.o ABSOLUTE
    ../clib/microlib/stubs.s                 0x00000000   Number         0  iusefp.o ABSOLUTE
    ../fplib/microlib/fpadd.c                0x00000000   Number         0  dadd.o ABSOLUTE
    ../fplib/microlib/fpdiv.c                0x00000000   Number         0  ddiv.o ABSOLUTE
    ../fplib/microlib/fpepilogue.c           0x00000000   Number         0  depilogue.o ABSOLUTE
    ../fplib/microlib/fpfix.c                0x00000000   Number         0  dfixul.o ABSOLUTE
    ../fplib/microlib/fpmul.c                0x00000000   Number         0  dmul.o ABSOLUTE
    ..\Core\Src\gpio.c                       0x00000000   Number         0  gpio.o ABSOLUTE
    ..\Core\Src\main.c                       0x00000000   Number         0  main.o ABSOLUTE
    ..\Core\Src\stm32f1xx_hal_msp.c          0x00000000   Number         0  stm32f1xx_hal_msp.o ABSOLUTE
    ..\Core\Src\stm32f1xx_it.c               0x00000000   Number         0  stm32f1xx_it.o ABSOLUTE
    ..\Core\Src\system_stm32f1xx.c           0x00000000   Number         0  system_stm32f1xx.o ABSOLUTE
    ..\Core\Src\usart.c                      0x00000000   Number         0  usart.o ABSOLUTE
    ..\Drivers\STM32F1xx_HAL_Driver\Src\stm32f1xx_hal.c 0x00000000   Number         0  stm32f1xx_hal.o ABSOLUTE
    ..\Drivers\STM32F1xx_HAL_Driver\Src\stm32f1xx_hal_cortex.c 0x00000000   Number         0  stm32f1xx_hal_cortex.o ABSOLUTE
    ..\Drivers\STM32F1xx_HAL_Driver\Src\stm32f1xx_hal_dma.c 0x00000000   Number         0  stm32f1xx_hal_dma.o ABSOLUTE
    ..\Drivers\STM32F1xx_HAL_Driver\Src\stm32f1xx_hal_exti.c 0x00000000   Number         0  stm32f1xx_hal_exti.o ABSOLUTE
    ..\Drivers\STM32F1xx_HAL_Driver\Src\stm32f1xx_hal_flash.c 0x00000000   Number         0  stm32f1xx_hal_flash.o ABSOLUTE
    ..\Drivers\STM32F1xx_HAL_Driver\Src\stm32f1xx_hal_flash_ex.c 0x00000000   Number         0  stm32f1xx_hal_flash_ex.o ABSOLUTE
    ..\Drivers\STM32F1xx_HAL_Driver\Src\stm32f1xx_hal_gpio.c 0x00000000   Number         0  stm32f1xx_hal_gpio.o ABSOLUTE
    ..\Drivers\STM32F1xx_HAL_Driver\Src\stm32f1xx_hal_gpio_ex.c 0x00000000   Number         0  stm32f1xx_hal_gpio_ex.o ABSOLUTE
    ..\Drivers\STM32F1xx_HAL_Driver\Src\stm32f1xx_hal_pwr.c 0x00000000   Number         0  stm32f1xx_hal_pwr.o ABSOLUTE
    ..\Drivers\STM32F1xx_HAL_Driver\Src\stm32f1xx_hal_rcc.c 0x00000000   Number         0  stm32f1xx_hal_rcc.o ABSOLUTE
    ..\Drivers\STM32F1xx_HAL_Driver\Src\stm32f1xx_hal_rcc_ex.c 0x00000000   Number         0  stm32f1xx_hal_rcc_ex.o ABSOLUTE
    ..\Drivers\STM32F1xx_HAL_Driver\Src\stm32f1xx_hal_tim.c 0x00000000   Number         0  stm32f1xx_hal_tim.o ABSOLUTE
    ..\Drivers\STM32F1xx_HAL_Driver\Src\stm32f1xx_hal_tim_ex.c 0x00000000   Number         0  stm32f1xx_hal_tim_ex.o ABSOLUTE
    ..\Drivers\STM32F1xx_HAL_Driver\Src\stm32f1xx_hal_uart.c 0x00000000   Number         0  stm32f1xx_hal_uart.o ABSOLUTE
    ..\Drivers\driver\Callback.c             0x00000000   Number         0  callback.o ABSOLUTE
    ..\Drivers\driver\cpu.c                  0x00000000   Number         0  cpu.o ABSOLUTE
    ..\Drivers\driver\driver_uart.c          0x00000000   Number         0  driver_uart.o ABSOLUTE
    ..\Drivers\driver\heap_1.c               0x00000000   Number         0  heap_1.o ABSOLUTE
    ..\Drivers\driver\monitor.c              0x00000000   Number         0  monitor.o ABSOLUTE
    ..\Drivers\driver\queue.c                0x00000000   Number         0  queue.o ABSOLUTE
    ..\Drivers\driver\sys_time.c             0x00000000   Number         0  sys_time.o ABSOLUTE
    ..\Drivers\driver\thread.c               0x00000000   Number         0  thread.o ABSOLUTE
    ..\\Drivers\\driver\\cpu.c               0x00000000   Number         0  cpu.o ABSOLUTE
    ..\\Drivers\\driver\\driver_uart.c       0x00000000   Number         0  driver_uart.o ABSOLUTE
    ..\\Drivers\\driver\\heap_1.c            0x00000000   Number         0  heap_1.o ABSOLUTE
    ..\\Drivers\\driver\\monitor.c           0x00000000   Number         0  monitor.o ABSOLUTE
    ..\\Drivers\\driver\\queue.c             0x00000000   Number         0  queue.o ABSOLUTE
    ..\\Drivers\\driver\\thread.c            0x00000000   Number         0  thread.o ABSOLUTE
    cdrcmple.s                               0x00000000   Number         0  cdrcmple.o ABSOLUTE
    dc.s                                     0x00000000   Number         0  dc.o ABSOLUTE
    handlers.s                               0x00000000   Number         0  handlers.o ABSOLUTE
    init.s                                   0x00000000   Number         0  init.o ABSOLUTE
    startup_stm32f103xb.s                    0x00000000   Number         0  startup_stm32f103xb.o ABSOLUTE
    RESET                                    0x08000000   Section      236  startup_stm32f103xb.o(RESET)
    .ARM.Collect$$$$00000000                 0x080000ec   Section        0  entry.o(.ARM.Collect$$$$00000000)
    .ARM.Collect$$$$00000001                 0x080000ec   Section        4  entry2.o(.ARM.Collect$$$$00000001)
    .ARM.Collect$$$$00000004                 0x080000f0   Section        4  entry5.o(.ARM.Collect$$$$00000004)
    .ARM.Collect$$$$00000008                 0x080000f4   Section        0  entry7b.o(.ARM.Collect$$$$00000008)
    .ARM.Collect$$$$0000000A                 0x080000f4   Section        0  entry8b.o(.ARM.Collect$$$$0000000A)
    .ARM.Collect$$$$0000000B                 0x080000f4   Section        8  entry9a.o(.ARM.Collect$$$$0000000B)
    .ARM.Collect$$$$0000000D                 0x080000fc   Section        0  entry10a.o(.ARM.Collect$$$$0000000D)
    .ARM.Collect$$$$0000000F                 0x080000fc   Section        0  entry11a.o(.ARM.Collect$$$$0000000F)
    .ARM.Collect$$$$00002712                 0x080000fc   Section        4  entry2.o(.ARM.Collect$$$$00002712)
    __lit__00000000                          0x080000fc   Data           4  entry2.o(.ARM.Collect$$$$00002712)
    .emb_text                                0x08000100   Section       80  cpu.o(.emb_text)
    .text                                    0x08000150   Section       36  startup_stm32f103xb.o(.text)
    .text                                    0x08000174   Section        0  llushr.o(.text)
    .text                                    0x08000194   Section        0  memcpya.o(.text)
    .text                                    0x080001b8   Section        0  memseta.o(.text)
    .text                                    0x080001dc   Section        0  uldiv.o(.text)
    .text                                    0x08000240   Section       36  init.o(.text)
    .text                                    0x08000264   Section        0  llshl.o(.text)
    i.AddTaskptob                            0x08000284   Section        0  thread.o(i.AddTaskptob)
    i.BusFault_Handler                       0x080002bc   Section        0  stm32f1xx_it.o(i.BusFault_Handler)
    i.DebugMon_Handler                       0x080002be   Section        0  stm32f1xx_it.o(i.DebugMon_Handler)
    i.EXTI9_5_IRQHandler                     0x080002c0   Section        0  stm32f1xx_it.o(i.EXTI9_5_IRQHandler)
    i.Error_Handler                          0x080002c8   Section        0  main.o(i.Error_Handler)
    i.HAL_DMA_Abort                          0x080002cc   Section        0  stm32f1xx_hal_dma.o(i.HAL_DMA_Abort)
    i.HAL_DMA_Abort_IT                       0x08000314   Section        0  stm32f1xx_hal_dma.o(i.HAL_DMA_Abort_IT)
    i.HAL_Delay                              0x080003ac   Section        0  stm32f1xx_hal.o(i.HAL_Delay)
    i.HAL_GPIO_EXTI_Callback                 0x080003d0   Section        0  main.o(i.HAL_GPIO_EXTI_Callback)
    i.HAL_GPIO_EXTI_IRQHandler               0x080003e4   Section        0  stm32f1xx_hal_gpio.o(i.HAL_GPIO_EXTI_IRQHandler)
    i.HAL_GPIO_Init                          0x080003fc   Section        0  stm32f1xx_hal_gpio.o(i.HAL_GPIO_Init)
    i.HAL_GPIO_TogglePin                     0x080005dc   Section        0  stm32f1xx_hal_gpio.o(i.HAL_GPIO_TogglePin)
    i.HAL_GPIO_WritePin                      0x080005ec   Section        0  stm32f1xx_hal_gpio.o(i.HAL_GPIO_WritePin)
    i.HAL_GetTick                            0x080005f8   Section        0  stm32f1xx_hal.o(i.HAL_GetTick)
    i.HAL_IncTick                            0x08000604   Section        0  stm32f1xx_hal.o(i.HAL_IncTick)
    i.HAL_Init                               0x08000614   Section        0  stm32f1xx_hal.o(i.HAL_Init)
    i.HAL_InitTick                           0x08000638   Section        0  stm32f1xx_hal.o(i.HAL_InitTick)
    i.HAL_MspInit                            0x08000678   Section        0  stm32f1xx_hal_msp.o(i.HAL_MspInit)
    i.HAL_NVIC_EnableIRQ                     0x080006b4   Section        0  stm32f1xx_hal_cortex.o(i.HAL_NVIC_EnableIRQ)
    i.HAL_NVIC_SetPriority                   0x080006d0   Section        0  stm32f1xx_hal_cortex.o(i.HAL_NVIC_SetPriority)
    i.HAL_NVIC_SetPriorityGrouping           0x08000710   Section        0  stm32f1xx_hal_cortex.o(i.HAL_NVIC_SetPriorityGrouping)
    i.HAL_RCC_ClockConfig                    0x08000734   Section        0  stm32f1xx_hal_rcc.o(i.HAL_RCC_ClockConfig)
    i.HAL_RCC_GetPCLK1Freq                   0x08000860   Section        0  stm32f1xx_hal_rcc.o(i.HAL_RCC_GetPCLK1Freq)
    i.HAL_RCC_GetPCLK2Freq                   0x08000880   Section        0  stm32f1xx_hal_rcc.o(i.HAL_RCC_GetPCLK2Freq)
    i.HAL_RCC_GetSysClockFreq                0x080008a0   Section        0  stm32f1xx_hal_rcc.o(i.HAL_RCC_GetSysClockFreq)
    i.HAL_RCC_OscConfig                      0x080008ec   Section        0  stm32f1xx_hal_rcc.o(i.HAL_RCC_OscConfig)
    i.HAL_SYSTICK_Callback                   0x08000c0c   Section        0  main.o(i.HAL_SYSTICK_Callback)
    i.HAL_SYSTICK_Config                     0x08000c28   Section        0  stm32f1xx_hal_cortex.o(i.HAL_SYSTICK_Config)
    i.HAL_SYSTICK_IRQHandler                 0x08000c50   Section        0  stm32f1xx_hal_cortex.o(i.HAL_SYSTICK_IRQHandler)
    i.HAL_UARTEx_RxEventCallback             0x08000c58   Section        0  stm32f1xx_hal_uart.o(i.HAL_UARTEx_RxEventCallback)
    i.HAL_UART_ErrorCallback                 0x08000c5a   Section        0  stm32f1xx_hal_uart.o(i.HAL_UART_ErrorCallback)
    i.HAL_UART_GetState                      0x08000c5c   Section        0  stm32f1xx_hal_uart.o(i.HAL_UART_GetState)
    i.HAL_UART_IRQHandler                    0x08000c68   Section        0  stm32f1xx_hal_uart.o(i.HAL_UART_IRQHandler)
    i.HAL_UART_Init                          0x08000ed4   Section        0  stm32f1xx_hal_uart.o(i.HAL_UART_Init)
    i.HAL_UART_MspInit                       0x08000f38   Section        0  usart.o(i.HAL_UART_MspInit)
    i.HAL_UART_Receive_IT                    0x08000fb8   Section        0  stm32f1xx_hal_uart.o(i.HAL_UART_Receive_IT)
    i.HAL_UART_RxCpltCallback                0x08000fd4   Section        0  main.o(i.HAL_UART_RxCpltCallback)
    i.HAL_UART_Transmit                      0x08001068   Section        0  stm32f1xx_hal_uart.o(i.HAL_UART_Transmit)
    i.HAL_UART_TxCpltCallback                0x08001102   Section        0  stm32f1xx_hal_uart.o(i.HAL_UART_TxCpltCallback)
    i.HardFault_Handler                      0x08001104   Section        0  stm32f1xx_it.o(i.HardFault_Handler)
    i.MX_GPIO_Init                           0x08001108   Section        0  gpio.o(i.MX_GPIO_Init)
    i.MX_USART1_UART_Init                    0x080011b4   Section        0  usart.o(i.MX_USART1_UART_Init)
    i.MemManage_Handler                      0x080011ec   Section        0  stm32f1xx_it.o(i.MemManage_Handler)
    i.NMI_Handler                            0x080011ee   Section        0  stm32f1xx_it.o(i.NMI_Handler)
    i.PendSV_init                            0x080011f0   Section        0  cpu.o(i.PendSV_init)
    i.SVC_Handler                            0x0800120c   Section        0  stm32f1xx_it.o(i.SVC_Handler)
    i.SysTick_Handler                        0x0800120e   Section        0  stm32f1xx_it.o(i.SysTick_Handler)
    i.SystemClock_Config                     0x0800121c   Section        0  main.o(i.SystemClock_Config)
    i.SystemInit                             0x0800127a   Section        0  system_stm32f1xx.o(i.SystemInit)
    i.Tsakdelay                              0x0800127c   Section        0  thread.o(i.Tsakdelay)
    i.UART_DMAAbortOnError                   0x080012bc   Section        0  stm32f1xx_hal_uart.o(i.UART_DMAAbortOnError)
    UART_DMAAbortOnError                     0x080012bd   Thumb Code    16  stm32f1xx_hal_uart.o(i.UART_DMAAbortOnError)
    i.UART_EndRxTransfer                     0x080012cc   Section        0  stm32f1xx_hal_uart.o(i.UART_EndRxTransfer)
    UART_EndRxTransfer                       0x080012cd   Thumb Code    78  stm32f1xx_hal_uart.o(i.UART_EndRxTransfer)
    i.UART_Receive_IT                        0x0800131a   Section        0  stm32f1xx_hal_uart.o(i.UART_Receive_IT)
    UART_Receive_IT                          0x0800131b   Thumb Code   194  stm32f1xx_hal_uart.o(i.UART_Receive_IT)
    i.UART_SetConfig                         0x080013dc   Section        0  stm32f1xx_hal_uart.o(i.UART_SetConfig)
    UART_SetConfig                           0x080013dd   Thumb Code   178  stm32f1xx_hal_uart.o(i.UART_SetConfig)
    i.UART_Start_Receive_IT                  0x08001494   Section        0  stm32f1xx_hal_uart.o(i.UART_Start_Receive_IT)
    i.UART_WaitOnFlagUntilTimeout            0x080014ca   Section        0  stm32f1xx_hal_uart.o(i.UART_WaitOnFlagUntilTimeout)
    UART_WaitOnFlagUntilTimeout              0x080014cb   Thumb Code   120  stm32f1xx_hal_uart.o(i.UART_WaitOnFlagUntilTimeout)
    i.USART1_IRQHandler                      0x08001544   Section        0  stm32f1xx_it.o(i.USART1_IRQHandler)
    i.UsageFault_Handler                     0x08001550   Section        0  stm32f1xx_it.o(i.UsageFault_Handler)
    i.__0printf$5                            0x08001554   Section        0  printf5.o(i.__0printf$5)
    i.__NVIC_SetPriority                     0x08001574   Section        0  stm32f1xx_hal_cortex.o(i.__NVIC_SetPriority)
    __NVIC_SetPriority                       0x08001575   Thumb Code    32  stm32f1xx_hal_cortex.o(i.__NVIC_SetPriority)
    i.__scatterload_copy                     0x08001594   Section       14  handlers.o(i.__scatterload_copy)
    i.__scatterload_null                     0x080015a2   Section        2  handlers.o(i.__scatterload_null)
    i.__scatterload_zeroinit                 0x080015a4   Section       14  handlers.o(i.__scatterload_zeroinit)
    i._printf_core                           0x080015b4   Section        0  printf5.o(i._printf_core)
    _printf_core                             0x080015b5   Thumb Code   658  printf5.o(i._printf_core)
    i.addTaskToList                          0x08001874   Section        0  thread.o(i.addTaskToList)
    i.allocateCallbackEntry                  0x080018b8   Section        0  callback.o(i.allocateCallbackEntry)
    i.callbackA                              0x080018d0   Section        0  callback.o(i.callbackA)
    i.callbackB                              0x08001900   Section        0  callback.o(i.callbackB)
    i.callbackC                              0x08001930   Section        0  callback.o(i.callbackC)
    i.createTask                             0x08001960   Section        0  thread.o(i.createTask)
    i.enterCritical                          0x08001acc   Section        0  cpu.o(i.enterCritical)
    i.every_delay                            0x08001af4   Section        0  thread.o(i.every_delay)
    i.exitCritical                           0x08001b38   Section        0  cpu.o(i.exitCritical)
    i.fputc                                  0x08001b64   Section        0  driver_uart.o(i.fputc)
    i.getTaskStackUsage                      0x08001b7c   Section        0  heap_1.o(i.getTaskStackUsage)
    i.idle                                   0x08001b96   Section        0  thread.o(i.idle)
    idle                                     0x08001b97   Thumb Code     8  thread.o(i.idle)
    i.initCallbackMemoryPool                 0x08001ba0   Section        0  callback.o(i.initCallbackMemoryPool)
    i.initCallbackSystem                     0x08001bc8   Section        0  callback.o(i.initCallbackSystem)
    i.initTaskWatchdog                       0x08001be4   Section        0  monitor.o(i.initTaskWatchdog)
    i.initializeTaskStack                    0x08001c0c   Section        0  heap_1.o(i.initializeTaskStack)
    i.jump_wei                               0x08001c24   Section        0  thread.o(i.jump_wei)
    i.kickTaskWatchdog                       0x08001c50   Section        0  monitor.o(i.kickTaskWatchdog)
    i.main                                   0x08001c74   Section        0  main.o(i.main)
    i.malloc                                 0x08001dc8   Section        0  malloc.o(i.malloc)
    i.monitorTask                            0x08001e34   Section        0  main.o(i.monitorTask)
    i.os_schedule_start                      0x08001ec4   Section        0  thread.o(i.os_schedule_start)
    i.prvInsertBlockIntoFreeList             0x08001ef0   Section        0  heap_1.o(i.prvInsertBlockIntoFreeList)
    prvInsertBlockIntoFreeList               0x08001ef1   Thumb Code    64  heap_1.o(i.prvInsertBlockIntoFreeList)
    i.pvPortMalloc                           0x08001f34   Section        0  heap_1.o(i.pvPortMalloc)
    i.registerCallback                       0x08001fd8   Section        0  callback.o(i.registerCallback)
    i.removeTaskpfroma                       0x0800202c   Section        0  thread.o(i.removeTaskpfroma)
    i.restart_pendsv                         0x08002098   Section        0  cpu.o(i.restart_pendsv)
    i.schedule                               0x080020b0   Section        0  thread.o(i.schedule)
    i.set_task_delay                         0x0800210c   Section        0  thread.o(i.set_task_delay)
    i.task1Entry                             0x08002120   Section        0  main.o(i.task1Entry)
    i.task2Entry                             0x08002168   Section        0  main.o(i.task2Entry)
    i.task3Entry                             0x080021b0   Section        0  main.o(i.task3Entry)
    i.triggerEvent                           0x080021f0   Section        0  callback.o(i.triggerEvent)
    i.triggerPendSV                          0x08002214   Section        0  cpu.o(i.triggerPendSV)
    i.vPortFree                              0x08002224   Section        0  heap_1.o(i.vPortFree)
    i.vQueuePrint                            0x08002250   Section        0  queue.o(i.vQueuePrint)
    i.xQueueCreate                           0x080022c8   Section        0  queue.o(i.xQueueCreate)
    i.xQueueGenericReceive                   0x08002304   Section        0  queue.o(i.xQueueGenericReceive)
    i.xQueueGenericSend                      0x08002398   Section        0  queue.o(i.xQueueGenericSend)
    i.xQueueReceive                          0x0800242c   Section        0  queue.o(i.xQueueReceive)
    i.xQueueSend                             0x0800245e   Section        0  queue.o(i.xQueueSend)
    .constdata                               0x08002492   Section       18  stm32f1xx_hal_rcc.o(.constdata)
    aPredivFactorTable                       0x08002492   Data           2  stm32f1xx_hal_rcc.o(.constdata)
    aPLLMULFactorTable                       0x08002494   Data          16  stm32f1xx_hal_rcc.o(.constdata)
    .constdata                               0x080024a4   Section       16  system_stm32f1xx.o(.constdata)
    .constdata                               0x080024b4   Section        8  system_stm32f1xx.o(.constdata)
    .data                                    0x20000000   Section        8  cpu.o(.data)
    .data                                    0x20000008   Section       20  thread.o(.data)
    .data                                    0x2000001c   Section       52  main.o(.data)
    a                                        0x20000030   Data           4  main.o(.data)
    .data                                    0x20000050   Section       24  heap_1.o(.data)
    xFreeBytesRemaining                      0x20000050   Data           4  heap_1.o(.data)
    xHeapHasBeenInitialised                  0x20000054   Data           4  heap_1.o(.data)
    xStart                                   0x20000058   Data           8  heap_1.o(.data)
    xEnd                                     0x20000060   Data           8  heap_1.o(.data)
    .data                                    0x20000068   Section        8  monitor.o(.data)
    lastSwitchTime                           0x2000006c   Data           4  monitor.o(.data)
    .data                                    0x20000070   Section        4  callback.o(.data)
    freeCallbackList                         0x20000070   Data           4  callback.o(.data)
    .data                                    0x20000074   Section       12  stm32f1xx_hal.o(.data)
    .data                                    0x20000080   Section        4  system_stm32f1xx.o(.data)
    .data                                    0x20000084   Section        4  stdout.o(.data)
    .data                                    0x20000088   Section        4  mvars.o(.data)
    .data                                    0x2000008c   Section        4  mvars.o(.data)
    .bss                                     0x20000090   Section       12  thread.o(.bss)
    .bss                                     0x2000009c   Section      256  main.o(.bss)
    .bss                                     0x2000019c   Section       72  usart.o(.bss)
    .bss                                     0x200001e4   Section     3328  heap_1.o(.bss)
    ucHeap                                   0x200001e4   Data        3328  heap_1.o(.bss)
    .bss                                     0x20000ee4   Section     1640  callback.o(.bss)
    callbackPool                             0x20000ee4   Data        1600  callback.o(.bss)
    eventCallbacks                           0x20001524   Data          40  callback.o(.bss)
    HEAP                                     0x20001550   Section      768  startup_stm32f103xb.o(HEAP)
    STACK                                    0x20001850   Section     1024  startup_stm32f103xb.o(STACK)

    Global Symbols

    Symbol Name                              Value     Ov Type        Size  Object(Section)

    BuildAttributes$$THM_ISAv4$P$D$K$B$S$PE$A:L22UL41UL21$X:L11$S22US41US21$IEEE1$IW$USESV6$~STKCKD$USESV7$~SHL$OSPACE$ROPI$EBA8$MICROLIB$REQ8$PRES8$EABIv2 0x00000000   Number         0  anon$$obj.o ABSOLUTE
    __ARM_use_no_argv                        0x00000000   Number         0  main.o ABSOLUTE
    _printf_a                                0x00000000   Number         0  stubs.o ABSOLUTE
    _printf_c                                0x00000000   Number         0  stubs.o ABSOLUTE
    _printf_charcount                        0x00000000   Number         0  stubs.o ABSOLUTE
    _printf_d                                0x00000000   Number         0  stubs.o ABSOLUTE
    _printf_e                                0x00000000   Number         0  stubs.o ABSOLUTE
    _printf_f                                0x00000000   Number         0  stubs.o ABSOLUTE
    _printf_flags                            0x00000000   Number         0  stubs.o ABSOLUTE
    _printf_fp_dec                           0x00000000   Number         0  stubs.o ABSOLUTE
    _printf_fp_hex                           0x00000000   Number         0  stubs.o ABSOLUTE
    _printf_g                                0x00000000   Number         0  stubs.o ABSOLUTE
    _printf_i                                0x00000000   Number         0  stubs.o ABSOLUTE
    _printf_int_dec                          0x00000000   Number         0  stubs.o ABSOLUTE
    _printf_l                                0x00000000   Number         0  stubs.o ABSOLUTE
    _printf_lc                               0x00000000   Number         0  stubs.o ABSOLUTE
    _printf_ll                               0x00000000   Number         0  stubs.o ABSOLUTE
    _printf_lld                              0x00000000   Number         0  stubs.o ABSOLUTE
    _printf_lli                              0x00000000   Number         0  stubs.o ABSOLUTE
    _printf_llo                              0x00000000   Number         0  stubs.o ABSOLUTE
    _printf_llu                              0x00000000   Number         0  stubs.o ABSOLUTE
    _printf_llx                              0x00000000   Number         0  stubs.o ABSOLUTE
    _printf_longlong_dec                     0x00000000   Number         0  stubs.o ABSOLUTE
    _printf_longlong_hex                     0x00000000   Number         0  stubs.o ABSOLUTE
    _printf_longlong_oct                     0x00000000   Number         0  stubs.o ABSOLUTE
    _printf_ls                               0x00000000   Number         0  stubs.o ABSOLUTE
    _printf_mbtowc                           0x00000000   Number         0  stubs.o ABSOLUTE
    _printf_n                                0x00000000   Number         0  stubs.o ABSOLUTE
    _printf_o                                0x00000000   Number         0  stubs.o ABSOLUTE
    _printf_p                                0x00000000   Number         0  stubs.o ABSOLUTE
    _printf_percent                          0x00000000   Number         0  stubs.o ABSOLUTE
    _printf_pre_padding                      0x00000000   Number         0  stubs.o ABSOLUTE
    _printf_return_value                     0x00000000   Number         0  stubs.o ABSOLUTE
    _printf_s                                0x00000000   Number         0  stubs.o ABSOLUTE
    _printf_sizespec                         0x00000000   Number         0  stubs.o ABSOLUTE
    _printf_str                              0x00000000   Number         0  stubs.o ABSOLUTE
    _printf_truncate_signed                  0x00000000   Number         0  stubs.o ABSOLUTE
    _printf_truncate_unsigned                0x00000000   Number         0  stubs.o ABSOLUTE
    _printf_u                                0x00000000   Number         0  stubs.o ABSOLUTE
    _printf_wc                               0x00000000   Number         0  stubs.o ABSOLUTE
    _printf_wctomb                           0x00000000   Number         0  stubs.o ABSOLUTE
    _printf_widthprec                        0x00000000   Number         0  stubs.o ABSOLUTE
    _printf_x                                0x00000000   Number         0  stubs.o ABSOLUTE
    __cpp_initialize__aeabi_                  - Undefined Weak Reference
    __cxa_finalize                            - Undefined Weak Reference
    __decompress                              - Undefined Weak Reference
    _clock_init                               - Undefined Weak Reference
    _microlib_exit                            - Undefined Weak Reference
    __Vectors_Size                           0x000000ec   Number         0  startup_stm32f103xb.o ABSOLUTE
    __Vectors                                0x08000000   Data           4  startup_stm32f103xb.o(RESET)
    __Vectors_End                            0x080000ec   Data           0  startup_stm32f103xb.o(RESET)
    __main                                   0x080000ed   Thumb Code     0  entry.o(.ARM.Collect$$$$00000000)
    _main_stk                                0x080000ed   Thumb Code     0  entry2.o(.ARM.Collect$$$$00000001)
    _main_scatterload                        0x080000f1   Thumb Code     0  entry5.o(.ARM.Collect$$$$00000004)
    __main_after_scatterload                 0x080000f5   Thumb Code     0  entry5.o(.ARM.Collect$$$$00000004)
    _main_clock                              0x080000f5   Thumb Code     0  entry7b.o(.ARM.Collect$$$$00000008)
    _main_cpp_init                           0x080000f5   Thumb Code     0  entry8b.o(.ARM.Collect$$$$0000000A)
    _main_init                               0x080000f5   Thumb Code     0  entry9a.o(.ARM.Collect$$$$0000000B)
    __rt_final_cpp                           0x080000fd   Thumb Code     0  entry10a.o(.ARM.Collect$$$$0000000D)
    __rt_final_exit                          0x080000fd   Thumb Code     0  entry11a.o(.ARM.Collect$$$$0000000F)
    PendSV_Handler                           0x08000101   Thumb Code    72  cpu.o(.emb_text)
    Reset_Handler                            0x08000151   Thumb Code     8  startup_stm32f103xb.o(.text)
    ADC1_2_IRQHandler                        0x0800016b   Thumb Code     0  startup_stm32f103xb.o(.text)
    CAN1_RX1_IRQHandler                      0x0800016b   Thumb Code     0  startup_stm32f103xb.o(.text)
    CAN1_SCE_IRQHandler                      0x0800016b   Thumb Code     0  startup_stm32f103xb.o(.text)
    DMA1_Channel1_IRQHandler                 0x0800016b   Thumb Code     0  startup_stm32f103xb.o(.text)
    DMA1_Channel2_IRQHandler                 0x0800016b   Thumb Code     0  startup_stm32f103xb.o(.text)
    DMA1_Channel3_IRQHandler                 0x0800016b   Thumb Code     0  startup_stm32f103xb.o(.text)
    DMA1_Channel4_IRQHandler                 0x0800016b   Thumb Code     0  startup_stm32f103xb.o(.text)
    DMA1_Channel5_IRQHandler                 0x0800016b   Thumb Code     0  startup_stm32f103xb.o(.text)
    DMA1_Channel6_IRQHandler                 0x0800016b   Thumb Code     0  startup_stm32f103xb.o(.text)
    DMA1_Channel7_IRQHandler                 0x0800016b   Thumb Code     0  startup_stm32f103xb.o(.text)
    EXTI0_IRQHandler                         0x0800016b   Thumb Code     0  startup_stm32f103xb.o(.text)
    EXTI15_10_IRQHandler                     0x0800016b   Thumb Code     0  startup_stm32f103xb.o(.text)
    EXTI1_IRQHandler                         0x0800016b   Thumb Code     0  startup_stm32f103xb.o(.text)
    EXTI2_IRQHandler                         0x0800016b   Thumb Code     0  startup_stm32f103xb.o(.text)
    EXTI3_IRQHandler                         0x0800016b   Thumb Code     0  startup_stm32f103xb.o(.text)
    EXTI4_IRQHandler                         0x0800016b   Thumb Code     0  startup_stm32f103xb.o(.text)
    FLASH_IRQHandler                         0x0800016b   Thumb Code     0  startup_stm32f103xb.o(.text)
    I2C1_ER_IRQHandler                       0x0800016b   Thumb Code     0  startup_stm32f103xb.o(.text)
    I2C1_EV_IRQHandler                       0x0800016b   Thumb Code     0  startup_stm32f103xb.o(.text)
    I2C2_ER_IRQHandler                       0x0800016b   Thumb Code     0  startup_stm32f103xb.o(.text)
    I2C2_EV_IRQHandler                       0x0800016b   Thumb Code     0  startup_stm32f103xb.o(.text)
    PVD_IRQHandler                           0x0800016b   Thumb Code     0  startup_stm32f103xb.o(.text)
    RCC_IRQHandler                           0x0800016b   Thumb Code     0  startup_stm32f103xb.o(.text)
    RTC_Alarm_IRQHandler                     0x0800016b   Thumb Code     0  startup_stm32f103xb.o(.text)
    RTC_IRQHandler                           0x0800016b   Thumb Code     0  startup_stm32f103xb.o(.text)
    SPI1_IRQHandler                          0x0800016b   Thumb Code     0  startup_stm32f103xb.o(.text)
    SPI2_IRQHandler                          0x0800016b   Thumb Code     0  startup_stm32f103xb.o(.text)
    TAMPER_IRQHandler                        0x0800016b   Thumb Code     0  startup_stm32f103xb.o(.text)
    TIM1_BRK_IRQHandler                      0x0800016b   Thumb Code     0  startup_stm32f103xb.o(.text)
    TIM1_CC_IRQHandler                       0x0800016b   Thumb Code     0  startup_stm32f103xb.o(.text)
    TIM1_TRG_COM_IRQHandler                  0x0800016b   Thumb Code     0  startup_stm32f103xb.o(.text)
    TIM1_UP_IRQHandler                       0x0800016b   Thumb Code     0  startup_stm32f103xb.o(.text)
    TIM2_IRQHandler                          0x0800016b   Thumb Code     0  startup_stm32f103xb.o(.text)
    TIM3_IRQHandler                          0x0800016b   Thumb Code     0  startup_stm32f103xb.o(.text)
    TIM4_IRQHandler                          0x0800016b   Thumb Code     0  startup_stm32f103xb.o(.text)
    USART2_IRQHandler                        0x0800016b   Thumb Code     0  startup_stm32f103xb.o(.text)
    USART3_IRQHandler                        0x0800016b   Thumb Code     0  startup_stm32f103xb.o(.text)
    USBWakeUp_IRQHandler                     0x0800016b   Thumb Code     0  startup_stm32f103xb.o(.text)
    USB_HP_CAN1_TX_IRQHandler                0x0800016b   Thumb Code     0  startup_stm32f103xb.o(.text)
    USB_LP_CAN1_RX0_IRQHandler               0x0800016b   Thumb Code     0  startup_stm32f103xb.o(.text)
    WWDG_IRQHandler                          0x0800016b   Thumb Code     0  startup_stm32f103xb.o(.text)
    __aeabi_llsr                             0x08000175   Thumb Code    32  llushr.o(.text)
    _ll_ushift_r                             0x08000175   Thumb Code     0  llushr.o(.text)
    __aeabi_memcpy                           0x08000195   Thumb Code    36  memcpya.o(.text)
    __aeabi_memcpy4                          0x08000195   Thumb Code     0  memcpya.o(.text)
    __aeabi_memcpy8                          0x08000195   Thumb Code     0  memcpya.o(.text)
    __aeabi_memset                           0x080001b9   Thumb Code    14  memseta.o(.text)
    __aeabi_memset4                          0x080001b9   Thumb Code     0  memseta.o(.text)
    __aeabi_memset8                          0x080001b9   Thumb Code     0  memseta.o(.text)
    __aeabi_memclr                           0x080001c7   Thumb Code     4  memseta.o(.text)
    __aeabi_memclr4                          0x080001c7   Thumb Code     0  memseta.o(.text)
    __aeabi_memclr8                          0x080001c7   Thumb Code     0  memseta.o(.text)
    _memset$wrapper                          0x080001cb   Thumb Code    18  memseta.o(.text)
    __aeabi_uldivmod                         0x080001dd   Thumb Code    98  uldiv.o(.text)
    __scatterload                            0x08000241   Thumb Code    28  init.o(.text)
    __scatterload_rt2                        0x08000241   Thumb Code     0  init.o(.text)
    __aeabi_llsl                             0x08000265   Thumb Code    30  llshl.o(.text)
    _ll_shift_l                              0x08000265   Thumb Code     0  llshl.o(.text)
    AddTaskptob                              0x08000285   Thumb Code    50  thread.o(i.AddTaskptob)
    BusFault_Handler                         0x080002bd   Thumb Code     2  stm32f1xx_it.o(i.BusFault_Handler)
    DebugMon_Handler                         0x080002bf   Thumb Code     2  stm32f1xx_it.o(i.DebugMon_Handler)
    EXTI9_5_IRQHandler                       0x080002c1   Thumb Code     8  stm32f1xx_it.o(i.EXTI9_5_IRQHandler)
    Error_Handler                            0x080002c9   Thumb Code     4  main.o(i.Error_Handler)
    HAL_DMA_Abort                            0x080002cd   Thumb Code    70  stm32f1xx_hal_dma.o(i.HAL_DMA_Abort)
    HAL_DMA_Abort_IT                         0x08000315   Thumb Code   148  stm32f1xx_hal_dma.o(i.HAL_DMA_Abort_IT)
    HAL_Delay                                0x080003ad   Thumb Code    32  stm32f1xx_hal.o(i.HAL_Delay)
    HAL_GPIO_EXTI_Callback                   0x080003d1   Thumb Code    16  main.o(i.HAL_GPIO_EXTI_Callback)
    HAL_GPIO_EXTI_IRQHandler                 0x080003e5   Thumb Code    18  stm32f1xx_hal_gpio.o(i.HAL_GPIO_EXTI_IRQHandler)
    HAL_GPIO_Init                            0x080003fd   Thumb Code   446  stm32f1xx_hal_gpio.o(i.HAL_GPIO_Init)
    HAL_GPIO_TogglePin                       0x080005dd   Thumb Code    16  stm32f1xx_hal_gpio.o(i.HAL_GPIO_TogglePin)
    HAL_GPIO_WritePin                        0x080005ed   Thumb Code    10  stm32f1xx_hal_gpio.o(i.HAL_GPIO_WritePin)
    HAL_GetTick                              0x080005f9   Thumb Code     6  stm32f1xx_hal.o(i.HAL_GetTick)
    HAL_IncTick                              0x08000605   Thumb Code    12  stm32f1xx_hal.o(i.HAL_IncTick)
    HAL_Init                                 0x08000615   Thumb Code    32  stm32f1xx_hal.o(i.HAL_Init)
    HAL_InitTick                             0x08000639   Thumb Code    54  stm32f1xx_hal.o(i.HAL_InitTick)
    HAL_MspInit                              0x08000679   Thumb Code    52  stm32f1xx_hal_msp.o(i.HAL_MspInit)
    HAL_NVIC_EnableIRQ                       0x080006b5   Thumb Code    26  stm32f1xx_hal_cortex.o(i.HAL_NVIC_EnableIRQ)
    HAL_NVIC_SetPriority                     0x080006d1   Thumb Code    60  stm32f1xx_hal_cortex.o(i.HAL_NVIC_SetPriority)
    HAL_NVIC_SetPriorityGrouping             0x08000711   Thumb Code    26  stm32f1xx_hal_cortex.o(i.HAL_NVIC_SetPriorityGrouping)
    HAL_RCC_ClockConfig                      0x08000735   Thumb Code   280  stm32f1xx_hal_rcc.o(i.HAL_RCC_ClockConfig)
    HAL_RCC_GetPCLK1Freq                     0x08000861   Thumb Code    20  stm32f1xx_hal_rcc.o(i.HAL_RCC_GetPCLK1Freq)
    HAL_RCC_GetPCLK2Freq                     0x08000881   Thumb Code    20  stm32f1xx_hal_rcc.o(i.HAL_RCC_GetPCLK2Freq)
    HAL_RCC_GetSysClockFreq                  0x080008a1   Thumb Code    58  stm32f1xx_hal_rcc.o(i.HAL_RCC_GetSysClockFreq)
    HAL_RCC_OscConfig                        0x080008ed   Thumb Code   778  stm32f1xx_hal_rcc.o(i.HAL_RCC_OscConfig)
    HAL_SYSTICK_Callback                     0x08000c0d   Thumb Code    22  main.o(i.HAL_SYSTICK_Callback)
    HAL_SYSTICK_Config                       0x08000c29   Thumb Code    40  stm32f1xx_hal_cortex.o(i.HAL_SYSTICK_Config)
    HAL_SYSTICK_IRQHandler                   0x08000c51   Thumb Code     8  stm32f1xx_hal_cortex.o(i.HAL_SYSTICK_IRQHandler)
    HAL_UARTEx_RxEventCallback               0x08000c59   Thumb Code     2  stm32f1xx_hal_uart.o(i.HAL_UARTEx_RxEventCallback)
    HAL_UART_ErrorCallback                   0x08000c5b   Thumb Code     2  stm32f1xx_hal_uart.o(i.HAL_UART_ErrorCallback)
    HAL_UART_GetState                        0x08000c5d   Thumb Code    10  stm32f1xx_hal_uart.o(i.HAL_UART_GetState)
    HAL_UART_IRQHandler                      0x08000c69   Thumb Code   616  stm32f1xx_hal_uart.o(i.HAL_UART_IRQHandler)
    HAL_UART_Init                            0x08000ed5   Thumb Code   100  stm32f1xx_hal_uart.o(i.HAL_UART_Init)
    HAL_UART_MspInit                         0x08000f39   Thumb Code   116  usart.o(i.HAL_UART_MspInit)
    HAL_UART_Receive_IT                      0x08000fb9   Thumb Code    28  stm32f1xx_hal_uart.o(i.HAL_UART_Receive_IT)
    HAL_UART_RxCpltCallback                  0x08000fd5   Thumb Code   122  main.o(i.HAL_UART_RxCpltCallback)
    HAL_UART_Transmit                        0x08001069   Thumb Code   154  stm32f1xx_hal_uart.o(i.HAL_UART_Transmit)
    HAL_UART_TxCpltCallback                  0x08001103   Thumb Code     2  stm32f1xx_hal_uart.o(i.HAL_UART_TxCpltCallback)
    HardFault_Handler                        0x08001105   Thumb Code     2  stm32f1xx_it.o(i.HardFault_Handler)
    MX_GPIO_Init                             0x08001109   Thumb Code   154  gpio.o(i.MX_GPIO_Init)
    MX_USART1_UART_Init                      0x080011b5   Thumb Code    48  usart.o(i.MX_USART1_UART_Init)
    MemManage_Handler                        0x080011ed   Thumb Code     2  stm32f1xx_it.o(i.MemManage_Handler)
    NMI_Handler                              0x080011ef   Thumb Code     2  stm32f1xx_it.o(i.NMI_Handler)
    PendSV_init                              0x080011f1   Thumb Code    22  cpu.o(i.PendSV_init)
    SVC_Handler                              0x0800120d   Thumb Code     2  stm32f1xx_it.o(i.SVC_Handler)
    SysTick_Handler                          0x0800120f   Thumb Code    14  stm32f1xx_it.o(i.SysTick_Handler)
    SystemClock_Config                       0x0800121d   Thumb Code    94  main.o(i.SystemClock_Config)
    SystemInit                               0x0800127b   Thumb Code     2  system_stm32f1xx.o(i.SystemInit)
    Tsakdelay                                0x0800127d   Thumb Code    56  thread.o(i.Tsakdelay)
    UART_Start_Receive_IT                    0x08001495   Thumb Code    54  stm32f1xx_hal_uart.o(i.UART_Start_Receive_IT)
    USART1_IRQHandler                        0x08001545   Thumb Code     6  stm32f1xx_it.o(i.USART1_IRQHandler)
    UsageFault_Handler                       0x08001551   Thumb Code     2  stm32f1xx_it.o(i.UsageFault_Handler)
    __0printf$5                              0x08001555   Thumb Code    22  printf5.o(i.__0printf$5)
    __1printf$5                              0x08001555   Thumb Code     0  printf5.o(i.__0printf$5)
    __2printf                                0x08001555   Thumb Code     0  printf5.o(i.__0printf$5)
    __scatterload_copy                       0x08001595   Thumb Code    14  handlers.o(i.__scatterload_copy)
    __scatterload_null                       0x080015a3   Thumb Code     2  handlers.o(i.__scatterload_null)
    __scatterload_zeroinit                   0x080015a5   Thumb Code    14  handlers.o(i.__scatterload_zeroinit)
    addTaskToList                            0x08001875   Thumb Code    42  thread.o(i.addTaskToList)
    allocateCallbackEntry                    0x080018b9   Thumb Code    18  callback.o(i.allocateCallbackEntry)
    callbackA                                0x080018d1   Thumb Code     8  callback.o(i.callbackA)
    callbackB                                0x08001901   Thumb Code     8  callback.o(i.callbackB)
    callbackC                                0x08001931   Thumb Code     8  callback.o(i.callbackC)
    createTask                               0x08001961   Thumb Code   270  thread.o(i.createTask)
    enterCritical                            0x08001acd   Thumb Code    34  cpu.o(i.enterCritical)
    every_delay                              0x08001af5   Thumb Code    60  thread.o(i.every_delay)
    exitCritical                             0x08001b39   Thumb Code    38  cpu.o(i.exitCritical)
    fputc                                    0x08001b65   Thumb Code    20  driver_uart.o(i.fputc)
    getTaskStackUsage                        0x08001b7d   Thumb Code    26  heap_1.o(i.getTaskStackUsage)
    initCallbackMemoryPool                   0x08001ba1   Thumb Code    32  callback.o(i.initCallbackMemoryPool)
    initCallbackSystem                       0x08001bc9   Thumb Code    24  callback.o(i.initCallbackSystem)
    initTaskWatchdog                         0x08001be5   Thumb Code    36  monitor.o(i.initTaskWatchdog)
    initializeTaskStack                      0x08001c0d   Thumb Code    22  heap_1.o(i.initializeTaskStack)
    jump_wei                                 0x08001c25   Thumb Code    40  thread.o(i.jump_wei)
    kickTaskWatchdog                         0x08001c51   Thumb Code    30  monitor.o(i.kickTaskWatchdog)
    main                                     0x08001c75   Thumb Code   214  main.o(i.main)
    malloc                                   0x08001dc9   Thumb Code    92  malloc.o(i.malloc)
    monitorTask                              0x08001e35   Thumb Code    62  main.o(i.monitorTask)
    os_schedule_start                        0x08001ec5   Thumb Code    30  thread.o(i.os_schedule_start)
    pvPortMalloc                             0x08001f35   Thumb Code   154  heap_1.o(i.pvPortMalloc)
    registerCallback                         0x08001fd9   Thumb Code    78  callback.o(i.registerCallback)
    removeTaskpfroma                         0x0800202d   Thumb Code    72  thread.o(i.removeTaskpfroma)
    restart_pendsv                           0x08002099   Thumb Code    18  cpu.o(i.restart_pendsv)
    schedule                                 0x080020b1   Thumb Code    82  thread.o(i.schedule)
    set_task_delay                           0x0800210d   Thumb Code    16  thread.o(i.set_task_delay)
    task1Entry                               0x08002121   Thumb Code    44  main.o(i.task1Entry)
    task2Entry                               0x08002169   Thumb Code    48  main.o(i.task2Entry)
    task3Entry                               0x080021b1   Thumb Code    40  main.o(i.task3Entry)
    triggerEvent                             0x080021f1   Thumb Code    30  callback.o(i.triggerEvent)
    triggerPendSV                            0x08002215   Thumb Code    10  cpu.o(i.triggerPendSV)
    vPortFree                                0x08002225   Thumb Code    40  heap_1.o(i.vPortFree)
    vQueuePrint                              0x08002251   Thumb Code    58  queue.o(i.vQueuePrint)
    xQueueCreate                             0x080022c9   Thumb Code    58  queue.o(i.xQueueCreate)
    xQueueGenericReceive                     0x08002305   Thumb Code   134  queue.o(i.xQueueGenericReceive)
    xQueueGenericSend                        0x08002399   Thumb Code   134  queue.o(i.xQueueGenericSend)
    xQueueReceive                            0x0800242d   Thumb Code    50  queue.o(i.xQueueReceive)
    xQueueSend                               0x0800245f   Thumb Code    52  queue.o(i.xQueueSend)
    AHBPrescTable                            0x080024a4   Data          16  system_stm32f1xx.o(.constdata)
    APBPrescTable                            0x080024b4   Data           8  system_stm32f1xx.o(.constdata)
    Region$$Table$$Base                      0x080024bc   Number         0  anon$$obj.o(Region$$Table)
    Region$$Table$$Limit                     0x080024dc   Number         0  anon$$obj.o(Region$$Table)
    criticalNesting                          0x20000000   Data           4  cpu.o(.data)
    my_basepri                               0x20000004   Data           4  cpu.o(.data)
    currentTask                              0x20000008   Data           4  thread.o(.data)
    nextTask                                 0x2000000c   Data           4  thread.o(.data)
    monitorList                              0x20000010   Data           4  thread.o(.data)
    delayList                                0x20000014   Data           4  thread.o(.data)
    taskCount                                0x20000018   Data           4  thread.o(.data)
    Uart1_Rx_Cnt                             0x2000001c   Data           1  main.o(.data)
    aRxBuffer                                0x2000001d   Data           1  main.o(.data)
    sysTime                                  0x20000020   Data           4  main.o(.data)
    num_1                                    0x20000024   Data           4  main.o(.data)
    num_2                                    0x20000028   Data           4  main.o(.data)
    num_3                                    0x2000002c   Data           4  main.o(.data)
    task_1                                   0x20000034   Data           4  main.o(.data)
    task_2                                   0x20000038   Data           4  main.o(.data)
    task_3                                   0x2000003c   Data           4  main.o(.data)
    x1_Queue                                 0x20000040   Data           4  main.o(.data)
    test_1                                   0x20000044   Data           4  main.o(.data)
    test_2                                   0x20000048   Data           4  main.o(.data)
    xReturn                                  0x2000004c   Data           4  main.o(.data)
    watchdogList                             0x20000068   Data           4  monitor.o(.data)
    uwTickFreq                               0x20000074   Data           1  stm32f1xx_hal.o(.data)
    uwTickPrio                               0x20000078   Data           4  stm32f1xx_hal.o(.data)
    uwTick                                   0x2000007c   Data           4  stm32f1xx_hal.o(.data)
    SystemCoreClock                          0x20000080   Data           4  system_stm32f1xx.o(.data)
    __stdout                                 0x20000084   Data           4  stdout.o(.data)
    __microlib_freelist                      0x20000088   Data           4  mvars.o(.data)
    __microlib_freelist_initialised          0x2000008c   Data           4  mvars.o(.data)
    taskLists                                0x20000090   Data          12  thread.o(.bss)
    RxBuffer                                 0x2000009c   Data         256  main.o(.bss)
    huart1                                   0x2000019c   Data          72  usart.o(.bss)
    __heap_base                              0x20001550   Data           0  startup_stm32f103xb.o(HEAP)
    __heap_limit                             0x20001850   Data           0  startup_stm32f103xb.o(HEAP)
    __initial_sp                             0x20001c50   Data           0  startup_stm32f103xb.o(STACK)



==============================================================================

Memory Map of the image

  Image Entry point : 0x080000ed

  Load Region LR_IROM1 (Base: 0x08000000, Size: 0x0000256c, Max: 0x00080000, ABSOLUTE)

    Execution Region ER_IROM1 (Exec base: 0x08000000, Load base: 0x08000000, Size: 0x000024dc, Max: 0x00080000, ABSOLUTE)

    Exec Addr    Load Addr    Size         Type   Attr      Idx    E Section Name        Object

    0x08000000   0x08000000   0x000000ec   Data   RO            3    RESET               startup_stm32f103xb.o
    0x080000ec   0x080000ec   0x00000000   Code   RO         2430  * .ARM.Collect$$$$00000000  mc_w.l(entry.o)
    0x080000ec   0x080000ec   0x00000004   Code   RO         2730    .ARM.Collect$$$$00000001  mc_w.l(entry2.o)
    0x080000f0   0x080000f0   0x00000004   Code   RO         2733    .ARM.Collect$$$$00000004  mc_w.l(entry5.o)
    0x080000f4   0x080000f4   0x00000000   Code   RO         2735    .ARM.Collect$$$$00000008  mc_w.l(entry7b.o)
    0x080000f4   0x080000f4   0x00000000   Code   RO         2737    .ARM.Collect$$$$0000000A  mc_w.l(entry8b.o)
    0x080000f4   0x080000f4   0x00000008   Code   RO         2738    .ARM.Collect$$$$0000000B  mc_w.l(entry9a.o)
    0x080000fc   0x080000fc   0x00000000   Code   RO         2740    .ARM.Collect$$$$0000000D  mc_w.l(entry10a.o)
    0x080000fc   0x080000fc   0x00000000   Code   RO         2742    .ARM.Collect$$$$0000000F  mc_w.l(entry11a.o)
    0x080000fc   0x080000fc   0x00000004   Code   RO         2731    .ARM.Collect$$$$00002712  mc_w.l(entry2.o)
    0x08000100   0x08000100   0x00000050   Code   RO          136    .emb_text           cpu.o
    0x08000150   0x08000150   0x00000024   Code   RO            4    .text               startup_stm32f103xb.o
    0x08000174   0x08000174   0x00000020   Code   RO         2433    .text               mc_w.l(llushr.o)
    0x08000194   0x08000194   0x00000024   Code   RO         2435    .text               mc_w.l(memcpya.o)
    0x080001b8   0x080001b8   0x00000024   Code   RO         2437    .text               mc_w.l(memseta.o)
    0x080001dc   0x080001dc   0x00000062   Code   RO         2747    .text               mc_w.l(uldiv.o)
    0x0800023e   0x0800023e   0x00000002   PAD
    0x08000240   0x08000240   0x00000024   Code   RO         2762    .text               mc_w.l(init.o)
    0x08000264   0x08000264   0x0000001e   Code   RO         2764    .text               mc_w.l(llshl.o)
    0x08000282   0x08000282   0x00000002   PAD
    0x08000284   0x08000284   0x00000038   Code   RO          281    i.AddTaskptob       thread.o
    0x080002bc   0x080002bc   0x00000002   Code   RO          614    i.BusFault_Handler  stm32f1xx_it.o
    0x080002be   0x080002be   0x00000002   Code   RO          615    i.DebugMon_Handler  stm32f1xx_it.o
    0x080002c0   0x080002c0   0x00000008   Code   RO          616    i.EXTI9_5_IRQHandler  stm32f1xx_it.o
    0x080002c8   0x080002c8   0x00000004   Code   RO          421    i.Error_Handler     main.o
    0x080002cc   0x080002cc   0x00000046   Code   RO         1799    i.HAL_DMA_Abort     stm32f1xx_hal_dma.o
    0x08000312   0x08000312   0x00000002   PAD
    0x08000314   0x08000314   0x00000098   Code   RO         1800    i.HAL_DMA_Abort_IT  stm32f1xx_hal_dma.o
    0x080003ac   0x080003ac   0x00000024   Code   RO         1425    i.HAL_Delay         stm32f1xx_hal.o
    0x080003d0   0x080003d0   0x00000014   Code   RO          422    i.HAL_GPIO_EXTI_Callback  main.o
    0x080003e4   0x080003e4   0x00000018   Code   RO         1734    i.HAL_GPIO_EXTI_IRQHandler  stm32f1xx_hal_gpio.o
    0x080003fc   0x080003fc   0x000001e0   Code   RO         1735    i.HAL_GPIO_Init     stm32f1xx_hal_gpio.o
    0x080005dc   0x080005dc   0x00000010   Code   RO         1738    i.HAL_GPIO_TogglePin  stm32f1xx_hal_gpio.o
    0x080005ec   0x080005ec   0x0000000a   Code   RO         1739    i.HAL_GPIO_WritePin  stm32f1xx_hal_gpio.o
    0x080005f6   0x080005f6   0x00000002   PAD
    0x080005f8   0x080005f8   0x0000000c   Code   RO         1429    i.HAL_GetTick       stm32f1xx_hal.o
    0x08000604   0x08000604   0x00000010   Code   RO         1435    i.HAL_IncTick       stm32f1xx_hal.o
    0x08000614   0x08000614   0x00000024   Code   RO         1436    i.HAL_Init          stm32f1xx_hal.o
    0x08000638   0x08000638   0x00000040   Code   RO         1437    i.HAL_InitTick      stm32f1xx_hal.o
    0x08000678   0x08000678   0x0000003c   Code   RO          696    i.HAL_MspInit       stm32f1xx_hal_msp.o
    0x080006b4   0x080006b4   0x0000001a   Code   RO         1895    i.HAL_NVIC_EnableIRQ  stm32f1xx_hal_cortex.o
    0x080006ce   0x080006ce   0x00000002   PAD
    0x080006d0   0x080006d0   0x00000040   Code   RO         1901    i.HAL_NVIC_SetPriority  stm32f1xx_hal_cortex.o
    0x08000710   0x08000710   0x00000024   Code   RO         1902    i.HAL_NVIC_SetPriorityGrouping  stm32f1xx_hal_cortex.o
    0x08000734   0x08000734   0x0000012c   Code   RO         1593    i.HAL_RCC_ClockConfig  stm32f1xx_hal_rcc.o
    0x08000860   0x08000860   0x00000020   Code   RO         1600    i.HAL_RCC_GetPCLK1Freq  stm32f1xx_hal_rcc.o
    0x08000880   0x08000880   0x00000020   Code   RO         1601    i.HAL_RCC_GetPCLK2Freq  stm32f1xx_hal_rcc.o
    0x080008a0   0x080008a0   0x0000004c   Code   RO         1602    i.HAL_RCC_GetSysClockFreq  stm32f1xx_hal_rcc.o
    0x080008ec   0x080008ec   0x00000320   Code   RO         1605    i.HAL_RCC_OscConfig  stm32f1xx_hal_rcc.o
    0x08000c0c   0x08000c0c   0x0000001c   Code   RO          423    i.HAL_SYSTICK_Callback  main.o
    0x08000c28   0x08000c28   0x00000028   Code   RO         1906    i.HAL_SYSTICK_Config  stm32f1xx_hal_cortex.o
    0x08000c50   0x08000c50   0x00000008   Code   RO         1907    i.HAL_SYSTICK_IRQHandler  stm32f1xx_hal_cortex.o
    0x08000c58   0x08000c58   0x00000002   Code   RO         1067    i.HAL_UARTEx_RxEventCallback  stm32f1xx_hal_uart.o
    0x08000c5a   0x08000c5a   0x00000002   Code   RO         1081    i.HAL_UART_ErrorCallback  stm32f1xx_hal_uart.o
    0x08000c5c   0x08000c5c   0x0000000a   Code   RO         1083    i.HAL_UART_GetState  stm32f1xx_hal_uart.o
    0x08000c66   0x08000c66   0x00000002   PAD
    0x08000c68   0x08000c68   0x0000026c   Code   RO         1084    i.HAL_UART_IRQHandler  stm32f1xx_hal_uart.o
    0x08000ed4   0x08000ed4   0x00000064   Code   RO         1085    i.HAL_UART_Init     stm32f1xx_hal_uart.o
    0x08000f38   0x08000f38   0x00000080   Code   RO          573    i.HAL_UART_MspInit  usart.o
    0x08000fb8   0x08000fb8   0x0000001c   Code   RO         1090    i.HAL_UART_Receive_IT  stm32f1xx_hal_uart.o
    0x08000fd4   0x08000fd4   0x00000094   Code   RO          424    i.HAL_UART_RxCpltCallback  main.o
    0x08001068   0x08001068   0x0000009a   Code   RO         1093    i.HAL_UART_Transmit  stm32f1xx_hal_uart.o
    0x08001102   0x08001102   0x00000002   Code   RO         1096    i.HAL_UART_TxCpltCallback  stm32f1xx_hal_uart.o
    0x08001104   0x08001104   0x00000002   Code   RO          617    i.HardFault_Handler  stm32f1xx_it.o
    0x08001106   0x08001106   0x00000002   PAD
    0x08001108   0x08001108   0x000000ac   Code   RO          545    i.MX_GPIO_Init      gpio.o
    0x080011b4   0x080011b4   0x00000038   Code   RO          574    i.MX_USART1_UART_Init  usart.o
    0x080011ec   0x080011ec   0x00000002   Code   RO          618    i.MemManage_Handler  stm32f1xx_it.o
    0x080011ee   0x080011ee   0x00000002   Code   RO          619    i.NMI_Handler       stm32f1xx_it.o
    0x080011f0   0x080011f0   0x0000001c   Code   RO          137    i.PendSV_init       cpu.o
    0x0800120c   0x0800120c   0x00000002   Code   RO          620    i.SVC_Handler       stm32f1xx_it.o
    0x0800120e   0x0800120e   0x0000000e   Code   RO          621    i.SysTick_Handler   stm32f1xx_it.o
    0x0800121c   0x0800121c   0x0000005e   Code   RO          425    i.SystemClock_Config  main.o
    0x0800127a   0x0800127a   0x00000002   Code   RO         2396    i.SystemInit        system_stm32f1xx.o
    0x0800127c   0x0800127c   0x00000040   Code   RO          282    i.Tsakdelay         thread.o
    0x080012bc   0x080012bc   0x00000010   Code   RO         1098    i.UART_DMAAbortOnError  stm32f1xx_hal_uart.o
    0x080012cc   0x080012cc   0x0000004e   Code   RO         1108    i.UART_EndRxTransfer  stm32f1xx_hal_uart.o
    0x0800131a   0x0800131a   0x000000c2   Code   RO         1110    i.UART_Receive_IT   stm32f1xx_hal_uart.o
    0x080013dc   0x080013dc   0x000000b8   Code   RO         1111    i.UART_SetConfig    stm32f1xx_hal_uart.o
    0x08001494   0x08001494   0x00000036   Code   RO         1113    i.UART_Start_Receive_IT  stm32f1xx_hal_uart.o
    0x080014ca   0x080014ca   0x00000078   Code   RO         1114    i.UART_WaitOnFlagUntilTimeout  stm32f1xx_hal_uart.o
    0x08001542   0x08001542   0x00000002   PAD
    0x08001544   0x08001544   0x0000000c   Code   RO          622    i.USART1_IRQHandler  stm32f1xx_it.o
    0x08001550   0x08001550   0x00000002   Code   RO          623    i.UsageFault_Handler  stm32f1xx_it.o
    0x08001552   0x08001552   0x00000002   PAD
    0x08001554   0x08001554   0x00000020   Code   RO         2574    i.__0printf$5       mc_w.l(printf5.o)
    0x08001574   0x08001574   0x00000020   Code   RO         1908    i.__NVIC_SetPriority  stm32f1xx_hal_cortex.o
    0x08001594   0x08001594   0x0000000e   Code   RO         2772    i.__scatterload_copy  mc_w.l(handlers.o)
    0x080015a2   0x080015a2   0x00000002   Code   RO         2773    i.__scatterload_null  mc_w.l(handlers.o)
    0x080015a4   0x080015a4   0x0000000e   Code   RO         2774    i.__scatterload_zeroinit  mc_w.l(handlers.o)
    0x080015b2   0x080015b2   0x00000002   PAD
    0x080015b4   0x080015b4   0x000002c0   Code   RO         2581    i._printf_core      mc_w.l(printf5.o)
    0x08001874   0x08001874   0x00000044   Code   RO          283    i.addTaskToList     thread.o
    0x080018b8   0x080018b8   0x00000018   Code   RO          907    i.allocateCallbackEntry  callback.o
    0x080018d0   0x080018d0   0x00000030   Code   RO          908    i.callbackA         callback.o
    0x08001900   0x08001900   0x00000030   Code   RO          909    i.callbackB         callback.o
    0x08001930   0x08001930   0x00000030   Code   RO          910    i.callbackC         callback.o
    0x08001960   0x08001960   0x0000016c   Code   RO          284    i.createTask        thread.o
    0x08001acc   0x08001acc   0x00000028   Code   RO          138    i.enterCritical     cpu.o
    0x08001af4   0x08001af4   0x00000044   Code   RO          285    i.every_delay       thread.o
    0x08001b38   0x08001b38   0x0000002c   Code   RO          139    i.exitCritical      cpu.o
    0x08001b64   0x08001b64   0x00000018   Code   RO           14    i.fputc             driver_uart.o
    0x08001b7c   0x08001b7c   0x0000001a   Code   RO          784    i.getTaskStackUsage  heap_1.o
    0x08001b96   0x08001b96   0x00000008   Code   RO          286    i.idle              thread.o
    0x08001b9e   0x08001b9e   0x00000002   PAD
    0x08001ba0   0x08001ba0   0x00000028   Code   RO          912    i.initCallbackMemoryPool  callback.o
    0x08001bc8   0x08001bc8   0x0000001c   Code   RO          913    i.initCallbackSystem  callback.o
    0x08001be4   0x08001be4   0x00000028   Code   RO          851    i.initTaskWatchdog  monitor.o
    0x08001c0c   0x08001c0c   0x00000016   Code   RO          785    i.initializeTaskStack  heap_1.o
    0x08001c22   0x08001c22   0x00000002   PAD
    0x08001c24   0x08001c24   0x0000002c   Code   RO          287    i.jump_wei          thread.o
    0x08001c50   0x08001c50   0x00000024   Code   RO          852    i.kickTaskWatchdog  monitor.o
    0x08001c74   0x08001c74   0x00000154   Code   RO          426    i.main              main.o
    0x08001dc8   0x08001dc8   0x0000006c   Code   RO         2703    i.malloc            mc_w.l(malloc.o)
    0x08001e34   0x08001e34   0x00000090   Code   RO          427    i.monitorTask       main.o
    0x08001ec4   0x08001ec4   0x0000002c   Code   RO          288    i.os_schedule_start  thread.o
    0x08001ef0   0x08001ef0   0x00000044   Code   RO          786    i.prvInsertBlockIntoFreeList  heap_1.o
    0x08001f34   0x08001f34   0x000000a4   Code   RO          787    i.pvPortMalloc      heap_1.o
    0x08001fd8   0x08001fd8   0x00000054   Code   RO          914    i.registerCallback  callback.o
    0x0800202c   0x0800202c   0x0000006c   Code   RO          289    i.removeTaskpfroma  thread.o
    0x08002098   0x08002098   0x00000018   Code   RO          141    i.restart_pendsv    cpu.o
    0x080020b0   0x080020b0   0x0000005c   Code   RO          290    i.schedule          thread.o
    0x0800210c   0x0800210c   0x00000014   Code   RO          291    i.set_task_delay    thread.o
    0x08002120   0x08002120   0x00000048   Code   RO          428    i.task1Entry        main.o
    0x08002168   0x08002168   0x00000048   Code   RO          429    i.task2Entry        main.o
    0x080021b0   0x080021b0   0x00000040   Code   RO          430    i.task3Entry        main.o
    0x080021f0   0x080021f0   0x00000024   Code   RO          915    i.triggerEvent      callback.o
    0x08002214   0x08002214   0x00000010   Code   RO          142    i.triggerPendSV     cpu.o
    0x08002224   0x08002224   0x0000002c   Code   RO          788    i.vPortFree         heap_1.o
    0x08002250   0x08002250   0x00000078   Code   RO          720    i.vQueuePrint       queue.o
    0x080022c8   0x080022c8   0x0000003a   Code   RO          721    i.xQueueCreate      queue.o
    0x08002302   0x08002302   0x00000002   PAD
    0x08002304   0x08002304   0x00000094   Code   RO          722    i.xQueueGenericReceive  queue.o
    0x08002398   0x08002398   0x00000094   Code   RO          723    i.xQueueGenericSend  queue.o
    0x0800242c   0x0800242c   0x00000032   Code   RO          724    i.xQueueReceive     queue.o
    0x0800245e   0x0800245e   0x00000034   Code   RO          725    i.xQueueSend        queue.o
    0x08002492   0x08002492   0x00000012   Data   RO         1606    .constdata          stm32f1xx_hal_rcc.o
    0x080024a4   0x080024a4   0x00000010   Data   RO         2397    .constdata          system_stm32f1xx.o
    0x080024b4   0x080024b4   0x00000008   Data   RO         2398    .constdata          system_stm32f1xx.o
    0x080024bc   0x080024bc   0x00000020   Data   RO         2770    Region$$Table       anon$$obj.o


    Execution Region RW_IRAM1 (Exec base: 0x20000000, Load base: 0x080024dc, Size: 0x00001c50, Max: 0x00010000, ABSOLUTE)

    Exec Addr    Load Addr    Size         Type   Attr      Idx    E Section Name        Object

    0x20000000   0x080024dc   0x00000008   Data   RW          143    .data               cpu.o
    0x20000008   0x080024e4   0x00000014   Data   RW          294    .data               thread.o
    0x2000001c   0x080024f8   0x00000034   Data   RW          432    .data               main.o
    0x20000050   0x0800252c   0x00000018   Data   RW          792    .data               heap_1.o
    0x20000068   0x08002544   0x00000008   Data   RW          854    .data               monitor.o
    0x20000070   0x0800254c   0x00000004   Data   RW          917    .data               callback.o
    0x20000074   0x08002550   0x0000000c   Data   RW         1443    .data               stm32f1xx_hal.o
    0x20000080   0x0800255c   0x00000004   Data   RW         2399    .data               system_stm32f1xx.o
    0x20000084   0x08002560   0x00000004   Data   RW         2744    .data               mc_w.l(stdout.o)
    0x20000088   0x08002564   0x00000004   Data   RW         2749    .data               mc_w.l(mvars.o)
    0x2000008c   0x08002568   0x00000004   Data   RW         2750    .data               mc_w.l(mvars.o)
    0x20000090        -       0x0000000c   Zero   RW          293    .bss                thread.o
    0x2000009c        -       0x00000100   Zero   RW          431    .bss                main.o
    0x2000019c        -       0x00000048   Zero   RW          575    .bss                usart.o
    0x200001e4        -       0x00000d00   Zero   RW          791    .bss                heap_1.o
    0x20000ee4        -       0x00000668   Zero   RW          916    .bss                callback.o
    0x2000154c   0x0800256c   0x00000004   PAD
    0x20001550        -       0x00000300   Zero   RW            2    HEAP                startup_stm32f103xb.o
    0x20001850        -       0x00000400   Zero   RW            1    STACK               startup_stm32f103xb.o


==============================================================================

Image component sizes


      Code (inc. data)   RO Data    RW Data    ZI Data      Debug   Object Name

       356        150          0          4       1640       5736   callback.o
       232         38          0          8          0     391003   cpu.o
        24          4          0          0          0     396184   driver_uart.o
       172         18          0          0          0       1087   gpio.o
       324         18          0         24       3328       5417   heap_1.o
       986        320          0         52        256       7710   main.o
        76         10          0          8          0       3023   monitor.o
       576         90          0          0          0       6749   queue.o
        36          8        236          0       1792        800   startup_stm32f103xb.o
       164         28          0         12          0       6013   stm32f1xx_hal.o
       206         14          0          0          0      29472   stm32f1xx_hal_cortex.o
       222          4          0          0          0       1891   stm32f1xx_hal_dma.o
       530         40          0          0          0       4204   stm32f1xx_hal_gpio.o
        60          8          0          0          0        994   stm32f1xx_hal_msp.o
      1240         84         18          0          0       5236   stm32f1xx_hal_rcc.o
      1564         10          0          0          0      11576   stm32f1xx_hal_uart.o
        48          6          0          0          0       4354   stm32f1xx_it.o
         2          0         24          4          0       1235   system_stm32f1xx.o
       936        210          0         20         12       9214   thread.o
       184         20          0          0         72       1810   usart.o

    ----------------------------------------------------------------------
      7958       1080        310        132       7104     893708   Object Totals
         0          0         32          0          0          0   (incl. Generated)
        20          0          0          0          4          0   (incl. Padding)

    ----------------------------------------------------------------------

      Code (inc. data)   RO Data    RW Data    ZI Data      Debug   Library Member Name

         0          0          0          0          0          0   entry.o
         0          0          0          0          0          0   entry10a.o
         0          0          0          0          0          0   entry11a.o
         8          4          0          0          0          0   entry2.o
         4          0          0          0          0          0   entry5.o
         0          0          0          0          0          0   entry7b.o
         0          0          0          0          0          0   entry8b.o
         8          4          0          0          0          0   entry9a.o
        30          0          0          0          0          0   handlers.o
        36          8          0          0          0         68   init.o
        30          0          0          0          0         68   llshl.o
        32          0          0          0          0         68   llushr.o
       108         16          0          0          0         84   malloc.o
        36          0          0          0          0         68   memcpya.o
        36          0          0          0          0        108   memseta.o
         0          0          0          8          0          0   mvars.o
       736         56          0          0          0        184   printf5.o
         0          0          0          4          0          0   stdout.o
        98          0          0          0          0         92   uldiv.o

    ----------------------------------------------------------------------
      1168         88          0         12          0        740   Library Totals
         6          0          0          0          0          0   (incl. Padding)

    ----------------------------------------------------------------------

      Code (inc. data)   RO Data    RW Data    ZI Data      Debug   Library Name

      1162         88          0         12          0        740   mc_w.l

    ----------------------------------------------------------------------
      1168         88          0         12          0        740   Library Totals

    ----------------------------------------------------------------------

==============================================================================


      Code (inc. data)   RO Data    RW Data    ZI Data      Debug   

      9126       1168        310        144       7104     889296   Grand Totals
      9126       1168        310        144       7104     889296   ELF Image Totals
      9126       1168        310        144          0          0   ROM Totals

==============================================================================

    Total RO  Size (Code + RO Data)                 9436 (   9.21kB)
    Total RW  Size (RW Data + ZI Data)              7248 (   7.08kB)
    Total ROM Size (Code + RO Data + RW Data)       9580 (   9.36kB)

==============================================================================

