<html>
<body>
<pre>
<h1>礦ision Build Log</h1>
<h2>Tool Versions:</h2>
IDE-Version: μVision V5.25.2.0
Copyright (C) 2018 ARM Ltd and ARM Germany GmbH. All rights reserved.
License Information: 71 71, 71, LIC=GMZI6-DU2A7-VEMHA-1AJM6-W5ZIG-8RT7T
 
Tool Versions:
Toolchain:       MDK-ARM Plus  Version: 5.25.2.0
Toolchain Path:  D:\Keil5\ARM\ARMCC\Bin
C Compiler:      Armcc.exe V5.06 update 6 (build 750)
Assembler:       Armasm.exe V5.06 update 6 (build 750)
Linker/Locator:  ArmLink.exe V5.06 update 6 (build 750)
Library Manager: ArmAr.exe V5.06 update 6 (build 750)
Hex Converter:   FromElf.exe V5.06 update 6 (build 750)
CPU DLL:         SARMCM3.DLL V5.25.2.0
Dialog DLL:      DCM.DLL V1.17.1.0
Target DLL:      STLink\ST-LINKIII-KEIL_SWO.dll V3.0.1.0
Dialog DLL:      TCM.DLL V1.35.1.0
 
<h2>Project:</h2>
D:\my_freerots\os-rtos-v5.1\MDK-ARM\hal_test1.uvprojx
Project File Date:  09/08/2024

<h2>Output:</h2>
*** Using Compiler 'V5.06 update 6 (build 750)', folder: 'D:\Keil5\ARM\ARMCC\Bin'
Build target 'hal_test1'
compiling main.c...
../Drivers/driver/sys_time.h(7): warning:  #1295-D: Deprecated declaration Get_Sys_Tick - give arg types
  unsigned short int Get_Sys_Tick();
../Drivers/driver/cpu.h(4): warning:  #1295-D: Deprecated declaration triggerPendSV - give arg types
  void triggerPendSV();
../Core/Src/main.c(54): warning:  #223-D: function "printf" declared implicitly
  		printf("this is task_1\r\n");
../Core/Src/main.c(65): warning:  #223-D: function "printf" declared implicitly
  		printf("this is task_2\r\n");
../Core/Src/main.c(80): warning:  #223-D: function "printf" declared implicitly
  		printf("this is task_3\r\n");
../Core/Src/main.c(90): warning:  #223-D: function "printf" declared implicitly
  			printf("num_1 is %d,num_2 is %d,num_3 is %d\r\n",num_1,num_2,num_3);
../Core/Src/main.c(88): warning:  #177-D: variable "task"  was declared but never referenced
  		TaskControlBlock *task=(TaskControlBlock *) task_3;
../Core/Src/main.c(108): warning:  #223-D: function "every_delay" declared implicitly
  		every_delay();
../Core/Src/main.c(170): warning:  #167-D: argument of type "int" is incompatible with parameter of type "void *"
    createTask(task1Entry,1,0,0,64,&task_1);
../Core/Src/main.c(170): warning:  #152-D: conversion of nonzero integer to pointer
    createTask(task1Entry,1,0,0,64,&task_1);
../Core/Src/main.c(171): warning:  #167-D: argument of type "int" is incompatible with parameter of type "void *"
  	createTask(task2Entry,1,0,0,64,&task_2);
../Core/Src/main.c(171): warning:  #152-D: conversion of nonzero integer to pointer
  	createTask(task2Entry,1,0,0,64,&task_2);
../Core/Src/main.c(172): warning:  #167-D: argument of type "int" is incompatible with parameter of type "void *"
  	createTask(task3Entry,1,0,0,64,&task_3);
../Core/Src/main.c(172): warning:  #152-D: conversion of nonzero integer to pointer
  	createTask(task3Entry,1,0,0,64,&task_3);
../Core/Src/main.c(173): warning:  #167-D: argument of type "int" is incompatible with parameter of type "void *"
  	createTask(task4Entry,1,0,1,64,NULL);
../Core/Src/main.c(173): warning:  #152-D: conversion of nonzero integer to pointer
  	createTask(task4Entry,1,0,1,64,NULL);
../Core/Src/main.c: 16 warnings, 0 errors
compiling thread.c...
..\Drivers\driver\thread.c(17): warning:  #223-D: function "printf" declared implicitly
          printf("Invalid priority!\n");
..\Drivers\driver\thread.c(48): warning:  #223-D: function "enterCritical" declared implicitly
  	 enterCritical();  // 进入临界区
..\Drivers\driver\thread.c(54): warning:  #223-D: function "exitCritical" declared implicitly
  					exitCritical();   // 退出临界区
..\Drivers\driver\thread.c(63): warning:  #223-D: function "exitCritical" declared implicitly
  					exitCritical();   // 退出临界区
..\Drivers\driver\thread.c(82): warning:  #223-D: function "exitCritical" declared implicitly
  									exitCritical();   // 退出临界区
..\Drivers\driver\thread.c(91): warning:  #223-D: function "exitCritical" declared implicitly
  	exitCritical();   // 退出临界区
..\Drivers\driver\thread.c(110): warning:  #223-D: function "enterCritical" declared implicitly
  	enterCritical();  // 进入临界区
..\Drivers\driver\thread.c(135): warning:  #223-D: function "exitCritical" declared implicitly
  		exitCritical();   // 退出临界区
..\Drivers\driver\thread.c(142): warning:  #223-D: function "triggerPendSV" declared implicitly
  				triggerPendSV();
..\Drivers\driver\thread.c(107): warning:  #177-D: variable "prev"  was declared but never referenced
  	TaskControlBlock *prev = NULL;
..\Drivers\driver\thread.c(180): warning:  #550-D: variable "prev"  was set but never used
      TaskControlBlock *prev = NULL;
..\Drivers\driver\thread.c(204): warning:  #223-D: function "malloc" declared implicitly
          TaskControlBlock *tcb = (TaskControlBlock *)malloc(sizeof(TaskControlBlock));
..\Drivers\driver\thread.c(206): warning:  #223-D: function "printf" declared implicitly
              printf("Memory allocation for TaskControlBlock failed\r\n");
..\Drivers\driver\thread.c(213): warning:  #223-D: function "printf" declared implicitly
              printf("Memory allocation for stack failed\r\n");
..\Drivers\driver\thread.c(214): warning:  #223-D: function "free" declared implicitly
              free(tcb);  // 释放已分配的 TaskControlBlock
..\Drivers\driver\thread.c(331): warning:  #223-D: function "PendSV_init" declared implicitly
  	PendSV_init();
..\Drivers\driver\thread.c: 16 warnings, 0 errors
linking...
Program Size: Code=6888 RO-data=312 RW-data=76 ZI-data=4436  
FromELF: creating hex file...
"hal_test1\hal_test1.axf" - 0 Error(s), 32 Warning(s).

<h2>Software Packages used:</h2>

Package Vendor: ARM
                http://www.keil.com/pack/ARM.CMSIS.5.3.0.pack
                ARM.CMSIS.5.3.0
                CMSIS (Cortex Microcontroller Software Interface Standard)
   * Component: CORE Version: 5.1.1

Package Vendor: Keil
                https://www.keil.com/pack/Keil.STM32F1xx_DFP.2.4.1.pack
                Keil.STM32F1xx_DFP.2.4.1
                STMicroelectronics STM32F1 Series Device Support, Drivers and Examples

<h2>Collection of Component include folders:</h2>
  .\RTE\_hal_test1
  D:\Keil5\ARM\PACK\ARM\CMSIS\5.3.0\CMSIS\Include
  D:\Keil5\ARM\PACK\Keil\STM32F1xx_DFP\2.4.1\Device\Include

<h2>Collection of Component Files used:</h2>

   * Component: ARM::CMSIS:CORE:5.1.1
Build Time Elapsed:  00:00:01
</pre>
</body>
</html>
