<html>
<body>
<pre>
<h1>µVision Build Log</h1>
<h2>Tool Versions:</h2>
IDE-Version: ¦ÌVision V5.25.2.0
Copyright (C) 2018 ARM Ltd and ARM Germany GmbH. All rights reserved.
License Information: 71 71, 71, LIC=GMZI6-DU2A7-VEMHA-1AJM6-W5ZIG-8RT7T
 
Tool Versions:
Toolchain:       MDK-ARM Plus  Version: 5.25.2.0
Toolchain Path:  D:\Keil5\ARM\ARMCC\Bin
C Compiler:      Armcc.exe V5.06 update 6 (build 750)
Assembler:       Armasm.exe V5.06 update 6 (build 750)
Linker/Locator:  ArmLink.exe V5.06 update 6 (build 750)
Library Manager: ArmAr.exe V5.06 update 6 (build 750)
Hex Converter:   FromElf.exe V5.06 update 6 (build 750)
CPU DLL:         SARMCM3.DLL V5.25.2.0
Dialog DLL:      DCM.DLL V1.17.1.0
Target DLL:      STLink\ST-LINKIII-KEIL_SWO.dll V3.0.1.0
Dialog DLL:      TCM.DLL V1.35.1.0
 
<h2>Project:</h2>
D:\my_freerots\os-rtos-v3.3\MDK-ARM\hal_test1.uvprojx
Project File Date:  09/08/2024

<h2>Output:</h2>
*** Using Compiler 'V5.06 update 6 (build 750)', folder: 'D:\Keil5\ARM\ARMCC\Bin'
Build target 'hal_test1'
compiling thread.c...
../Drivers/driver/thread.h(28): warning:  #1295-D: Deprecated declaration los_task_run - give arg types
  void los_task_run();
../Drivers/driver/thread.h(29): warning:  #1295-D: Deprecated declaration los_task_switch - give arg types
  void los_task_switch();
../Drivers/driver/thread.h(30): warning:  #1295-D: Deprecated declaration los_task_sched - give arg types
  void los_task_sched();
../Drivers/driver/thread.h(31): warning:  #1295-D: Deprecated declaration schedule - give arg types
  void schedule();
../Drivers/driver/thread.h(32): warning:  #1295-D: Deprecated declaration taskDelayHandler - give arg types
  void taskDelayHandler();
..\Drivers\driver\thread.c(16): warning:  #177-D: variable "p_stk"  was declared but never referenced
  	  TaskControlBlock *p_stk;
..\Drivers\driver\thread.c(52): warning:  #177-D: variable "highestPriority"  was declared but never referenced
  	 int highestPriority = -1;
..\Drivers\driver\thread.c: 7 warnings, 0 errors
compiling main.c...
../Drivers/driver/thread.h(28): warning:  #1295-D: Deprecated declaration los_task_run - give arg types
  void los_task_run();
../Drivers/driver/thread.h(29): warning:  #1295-D: Deprecated declaration los_task_switch - give arg types
  void los_task_switch();
../Drivers/driver/thread.h(30): warning:  #1295-D: Deprecated declaration los_task_sched - give arg types
  void los_task_sched();
../Drivers/driver/thread.h(31): warning:  #1295-D: Deprecated declaration schedule - give arg types
  void schedule();
../Drivers/driver/thread.h(32): warning:  #1295-D: Deprecated declaration taskDelayHandler - give arg types
  void taskDelayHandler();
../Drivers/driver/sys_time.h(7): warning:  #1295-D: Deprecated declaration Get_Sys_Tick - give arg types
  unsigned short int Get_Sys_Tick();
../Core/Src/main.c(50): warning:  #223-D: function "printf" declared implicitly
  		printf("this is task_1\r\n");
../Core/Src/main.c(57): warning:  #223-D: function "printf" declared implicitly
  		printf("this is task_2\r\n");
../Core/Src/main.c(64): warning:  #223-D: function "printf" declared implicitly
  		printf("this is task_3\r\n");
../Core/Src/main.c: 9 warnings, 0 errors
linking...
Program Size: Code=4940 RO-data=312 RW-data=36 ZI-data=1388  
FromELF: creating hex file...
"hal_test1\hal_test1.axf" - 0 Error(s), 16 Warning(s).

<h2>Software Packages used:</h2>

Package Vendor: ARM
                http://www.keil.com/pack/ARM.CMSIS.5.3.0.pack
                ARM.CMSIS.5.3.0
                CMSIS (Cortex Microcontroller Software Interface Standard)
   * Component: CORE Version: 5.1.1

Package Vendor: Keil
                https://www.keil.com/pack/Keil.STM32F1xx_DFP.2.4.1.pack
                Keil.STM32F1xx_DFP.2.4.1
                STMicroelectronics STM32F1 Series Device Support, Drivers and Examples

<h2>Collection of Component include folders:</h2>
  .\RTE\_hal_test1
  D:\Keil5\ARM\PACK\ARM\CMSIS\5.3.0\CMSIS\Include
  D:\Keil5\ARM\PACK\Keil\STM32F1xx_DFP\2.4.1\Device\Include

<h2>Collection of Component Files used:</h2>

   * Component: ARM::CMSIS:CORE:5.1.1
Build Time Elapsed:  00:00:01
</pre>
</body>
</html>
